Archive member included because of file (symbol)

c:/program files (x86)/atmel/atmel toolchain/avr8 gcc/native/3.4.2.1002/avr8-gnu-toolchain/bin/../lib/gcc/avr/4.7.2/avr5\libgcc.a(_exit.o)
                              c:/program files (x86)/atmel/atmel toolchain/avr8 gcc/native/3.4.2.1002/avr8-gnu-toolchain/bin/../lib/gcc/avr/4.7.2/../../../../avr/lib/avr5/crtm32u4.o (exit)
c:/program files (x86)/atmel/atmel toolchain/avr8 gcc/native/3.4.2.1002/avr8-gnu-toolchain/bin/../lib/gcc/avr/4.7.2/avr5\libgcc.a(_copy_data.o)
                              main.o (__do_copy_data)
c:/program files (x86)/atmel/atmel toolchain/avr8 gcc/native/3.4.2.1002/avr8-gnu-toolchain/bin/../lib/gcc/avr/4.7.2/avr5\libgcc.a(_clear_bss.o)
                              LUFA/Drivers/USB/Core/DeviceStandardReq.o (__do_clear_bss)
c:/program files (x86)/atmel/atmel toolchain/avr8 gcc/native/3.4.2.1002/avr8-gnu-toolchain/bin/../lib/gcc/avr/4.7.2/../../../../avr/lib/avr5\libc.a(memcpy_P.o)
                              LUFA/Drivers/USB/Class/Device/RNDISClassDevice.o (memcpy_P)
c:/program files (x86)/atmel/atmel toolchain/avr8 gcc/native/3.4.2.1002/avr8-gnu-toolchain/bin/../lib/gcc/avr/4.7.2/../../../../avr/lib/avr5\libc.a(memcmp.o)
                              LUFA/Drivers/USB/Class/Device/HIDClassDevice.o (memcmp)
c:/program files (x86)/atmel/atmel toolchain/avr8 gcc/native/3.4.2.1002/avr8-gnu-toolchain/bin/../lib/gcc/avr/4.7.2/../../../../avr/lib/avr5\libc.a(memcpy.o)
                              LUFA/Drivers/USB/Class/Device/HIDClassDevice.o (memcpy)
c:/program files (x86)/atmel/atmel toolchain/avr8 gcc/native/3.4.2.1002/avr8-gnu-toolchain/bin/../lib/gcc/avr/4.7.2/../../../../avr/lib/avr5\libc.a(memset.o)
                              LUFA/Drivers/USB/Class/Device/HIDClassDevice.o (memset)
c:/program files (x86)/atmel/atmel toolchain/avr8 gcc/native/3.4.2.1002/avr8-gnu-toolchain/bin/../lib/gcc/avr/4.7.2/../../../../avr/lib/avr5\libc.a(snprintf.o)
                              main.o (snprintf)
c:/program files (x86)/atmel/atmel toolchain/avr8 gcc/native/3.4.2.1002/avr8-gnu-toolchain/bin/../lib/gcc/avr/4.7.2/../../../../avr/lib/avr5\libc.a(vfprintf_std.o)
                              c:/program files (x86)/atmel/atmel toolchain/avr8 gcc/native/3.4.2.1002/avr8-gnu-toolchain/bin/../lib/gcc/avr/4.7.2/../../../../avr/lib/avr5\libc.a(snprintf.o) (vfprintf)
c:/program files (x86)/atmel/atmel toolchain/avr8 gcc/native/3.4.2.1002/avr8-gnu-toolchain/bin/../lib/gcc/avr/4.7.2/../../../../avr/lib/avr5\libc.a(eerd_byte_atmega32u4.o)
                              LUFA/Drivers/USB/Core/AVR8/EndpointStream_AVR8.o (__eerd_byte_m32u4)
c:/program files (x86)/atmel/atmel toolchain/avr8 gcc/native/3.4.2.1002/avr8-gnu-toolchain/bin/../lib/gcc/avr/4.7.2/../../../../avr/lib/avr5\libc.a(eeupd_byte_atmega32u4.o)
                              LUFA/Drivers/USB/Core/AVR8/EndpointStream_AVR8.o (__eeupd_byte_m32u4)
c:/program files (x86)/atmel/atmel toolchain/avr8 gcc/native/3.4.2.1002/avr8-gnu-toolchain/bin/../lib/gcc/avr/4.7.2/../../../../avr/lib/avr5\libc.a(strnlen_P.o)
                              c:/program files (x86)/atmel/atmel toolchain/avr8 gcc/native/3.4.2.1002/avr8-gnu-toolchain/bin/../lib/gcc/avr/4.7.2/../../../../avr/lib/avr5\libc.a(vfprintf_std.o) (strnlen_P)
c:/program files (x86)/atmel/atmel toolchain/avr8 gcc/native/3.4.2.1002/avr8-gnu-toolchain/bin/../lib/gcc/avr/4.7.2/../../../../avr/lib/avr5\libc.a(strnlen.o)
                              c:/program files (x86)/atmel/atmel toolchain/avr8 gcc/native/3.4.2.1002/avr8-gnu-toolchain/bin/../lib/gcc/avr/4.7.2/../../../../avr/lib/avr5\libc.a(vfprintf_std.o) (strnlen)
c:/program files (x86)/atmel/atmel toolchain/avr8 gcc/native/3.4.2.1002/avr8-gnu-toolchain/bin/../lib/gcc/avr/4.7.2/../../../../avr/lib/avr5\libc.a(fputc.o)
                              c:/program files (x86)/atmel/atmel toolchain/avr8 gcc/native/3.4.2.1002/avr8-gnu-toolchain/bin/../lib/gcc/avr/4.7.2/../../../../avr/lib/avr5\libc.a(vfprintf_std.o) (fputc)
c:/program files (x86)/atmel/atmel toolchain/avr8 gcc/native/3.4.2.1002/avr8-gnu-toolchain/bin/../lib/gcc/avr/4.7.2/../../../../avr/lib/avr5\libc.a(ultoa_invert.o)
                              c:/program files (x86)/atmel/atmel toolchain/avr8 gcc/native/3.4.2.1002/avr8-gnu-toolchain/bin/../lib/gcc/avr/4.7.2/../../../../avr/lib/avr5\libc.a(vfprintf_std.o) (__ultoa_invert)
c:/program files (x86)/atmel/atmel toolchain/avr8 gcc/native/3.4.2.1002/avr8-gnu-toolchain/bin/../lib/gcc/avr/4.7.2/avr5\libgcc.a(_prologue.o)
                              c:/program files (x86)/atmel/atmel toolchain/avr8 gcc/native/3.4.2.1002/avr8-gnu-toolchain/bin/../lib/gcc/avr/4.7.2/../../../../avr/lib/avr5\libc.a(snprintf.o) (__prologue_saves__)
c:/program files (x86)/atmel/atmel toolchain/avr8 gcc/native/3.4.2.1002/avr8-gnu-toolchain/bin/../lib/gcc/avr/4.7.2/avr5\libgcc.a(_epilogue.o)
[...]
Memory Configuration

Name             Origin             Length             Attributes
text             0x00000000         0x00020000         xr
data             0x00800060         0x0000ffa0         rw !x
eeprom           0x00810000         0x00010000         rw !x
fuse             0x00820000         0x00000400         rw !x
lock             0x00830000         0x00000400         rw !x
signature        0x00840000         0x00000400         rw !x
user_signatures  0x00850000         0x00000400         rw !x
*default*        0x00000000         0xffffffff

Linker script and memory map

Address of section .data set to 0x800100
LOAD c:/program files (x86)/atmel/atmel toolchain/avr8 gcc/native/3.4.2.1002/avr8-gnu-toolchain/bin/../lib/gcc/avr/4.7.2/../../../../avr/lib/avr5/crtm32u4.o
LOAD main.o
LOAD Descriptors.o
LOAD sltwi.o
LOAD LUFA/Drivers/USB/Class/Common/HIDParser.o
LOAD LUFA/Drivers/USB/Core/AVR8/Device_AVR8.o
LOAD LUFA/Drivers/USB/Core/AVR8/EndpointStream_AVR8.o
LOAD LUFA/Drivers/USB/Core/AVR8/Endpoint_AVR8.o
LOAD LUFA/Drivers/USB/Core/AVR8/Host_AVR8.o
LOAD LUFA/Drivers/USB/Core/AVR8/PipeStream_AVR8.o
LOAD LUFA/Drivers/USB/Core/AVR8/Pipe_AVR8.o
LOAD LUFA/Drivers/USB/Core/AVR8/USBController_AVR8.o
LOAD LUFA/Drivers/USB/Core/AVR8/USBInterrupt_AVR8.o
LOAD LUFA/Drivers/USB/Core/ConfigDescriptors.o
LOAD LUFA/Drivers/USB/Core/DeviceStandardReq.o
LOAD LUFA/Drivers/USB/Core/Events.o
LOAD LUFA/Drivers/USB/Core/HostStandardReq.o
LOAD LUFA/Drivers/USB/Core/USBTask.o
LOAD LUFA/Drivers/USB/Class/Device/AudioClassDevice.o
LOAD LUFA/Drivers/USB/Class/Device/CDCClassDevice.o
LOAD LUFA/Drivers/USB/Class/Device/HIDClassDevice.o
LOAD LUFA/Drivers/USB/Class/Device/MassStorageClassDevice.o
LOAD LUFA/Drivers/USB/Class/Device/MIDIClassDevice.o
LOAD LUFA/Drivers/USB/Class/Device/PrinterClassDevice.o
LOAD LUFA/Drivers/USB/Class/Device/RNDISClassDevice.o
LOAD LUFA/Drivers/USB/Class/Host/AndroidAccessoryClassHost.o
LOAD LUFA/Drivers/USB/Class/Host/AudioClassHost.o
LOAD LUFA/Drivers/USB/Class/Host/CDCClassHost.o
LOAD LUFA/Drivers/USB/Class/Host/HIDClassHost.o
LOAD LUFA/Drivers/USB/Class/Host/MassStorageClassHost.o
LOAD LUFA/Drivers/USB/Class/Host/MIDIClassHost.o
LOAD LUFA/Drivers/USB/Class/Host/PrinterClassHost.o
LOAD LUFA/Drivers/USB/Class/Host/RNDISClassHost.o
LOAD LUFA/Drivers/USB/Class/Host/StillImageClassHost.o
LOAD c:/program files (x86)/atmel/atmel toolchain/avr8 gcc/native/3.4.2.1002/avr8-gnu-toolchain/bin/../lib/gcc/avr/4.7.2/../../../../avr/lib/avr5\libm.a
LOAD c:/program files (x86)/atmel/atmel toolchain/avr8 gcc/native/3.4.2.1002/avr8-gnu-toolchain/bin/../lib/gcc/avr/4.7.2/avr5\libgcc.a
LOAD c:/program files (x86)/atmel/atmel toolchain/avr8 gcc/native/3.4.2.1002/avr8-gnu-toolchain/bin/../lib/gcc/avr/4.7.2/../../../../avr/lib/avr5\libc.a
LOAD c:/program files (x86)/atmel/atmel toolchain/avr8 gcc/native/3.4.2.1002/avr8-gnu-toolchain/bin/../lib/gcc/avr/4.7.2/avr5\libgcc.a

.hash
 *(.hash)

.dynsym
 *(.dynsym)

.dynstr
 *(.dynstr)

.gnu.version
 *(.gnu.version)

.gnu.version_d
 *(.gnu.version_d)

.gnu.version_r
 *(.gnu.version_r)

.rel.init
 *(.rel.init)

.rela.init
 *(.rela.init)

.rel.text
 *(.rel.text)
 *(.rel.text.*)
 *(.rel.gnu.linkonce.t*)

.rela.text
 *(.rela.text)
 *(.rela.text.*)
 *(.rela.gnu.linkonce.t*)

.rel.fini
 *(.rel.fini)

.rela.fini
 *(.rela.fini)

.rel.rodata
 *(.rel.rodata)
 *(.rel.rodata.*)
 *(.rel.gnu.linkonce.r*)

.rela.rodata
 *(.rela.rodata)
 *(.rela.rodata.*)
 *(.rela.gnu.linkonce.r*)

.rel.data
 *(.rel.data)
 *(.rel.data.*)
 *(.rel.gnu.linkonce.d*)

.rela.data
 *(.rela.data)
 *(.rela.data.*)
 *(.rela.gnu.linkonce.d*)

.rel.ctors
 *(.rel.ctors)

.rela.ctors
 *(.rela.ctors)

.rel.dtors
 *(.rel.dtors)

.rela.dtors
 *(.rela.dtors)

.rel.got
 *(.rel.got)

.rela.got
 *(.rela.got)

.rel.bss
 *(.rel.bss)

.rela.bss
 *(.rela.bss)

.rel.plt
 *(.rel.plt)

.rela.plt
 *(.rela.plt)

.text           0x00000000     0x17f8
 *(.vectors)
 .vectors       0x00000000       0xac c:/program files (x86)/atmel/atmel toolchain/avr8 gcc/native/3.4.2.1002/avr8-gnu-toolchain/bin/../lib/gcc/avr/4.7.2/../../../../avr/lib/avr5/crtm32u4.o
                0x00000000                __vector_default
                0x00000000                __vectors
 *(.vectors)
 *(.progmem.gcc*)
 *(.progmem*)
 .progmem.data  0x000000ac       0x8c Descriptors.o
                0x000000ac                ProductString
                0x000000ca                ManufacturerString
                0x000000e4                LanguageString
                0x000000e8                ConfigurationDescriptor
                0x00000126                DeviceDescriptor
                0x00000138                . = ALIGN (0x2)
                0x00000138                __trampolines_start = .
 *(.trampolines)
 .trampolines   0x00000138        0x0 linker stubs
 *(.trampolines*)
                0x00000138                __trampolines_end = .
 *(.jumptables)
 *(.jumptables*)
 *(.lowtext)
 *(.lowtext*)
                0x00000138                __ctors_start = .
 *(.ctors)
                0x00000138                __ctors_end = .
                0x00000138                __dtors_start = .
 *(.dtors)
                0x00000138                __dtors_end = .
 SORT(*)(.ctors)
 SORT(*)(.dtors)
 *(.init0)
 .init0         0x00000138        0x0 c:/program files (x86)/atmel/atmel toolchain/avr8 gcc/native/3.4.2.1002/avr8-gnu-toolchain/bin/../lib/gcc/avr/4.7.2/../../../../avr/lib/avr5/crtm32u4.o
                0x00000138                __init
 *(.init0)
 *(.init1)
 *(.init1)
 *(.init2)
 .init2         0x00000138        0xc c:/program files (x86)/atmel/atmel toolchain/avr8 gcc/native/3.4.2.1002/avr8-gnu-toolchain/bin/../lib/gcc/avr/4.7.2/../../../../avr/lib/avr5/crtm32u4.o
 *(.init2)
 *(.init3)
 *(.init3)
 *(.init4)
 .init4         0x00000144       0x16 c:/program files (x86)/atmel/atmel toolchain/avr8 gcc/native/3.4.2.1002/avr8-gnu-toolchain/bin/../lib/gcc/avr/4.7.2/avr5\libgcc.a(_copy_data.o)
                0x00000144                __do_copy_data
 .init4         0x0000015a       0x10 c:/program files (x86)/atmel/atmel toolchain/avr8 gcc/native/3.4.2.1002/avr8-gnu-toolchain/bin/../lib/gcc/avr/4.7.2/avr5\libgcc.a(_clear_bss.o)
                0x0000015a                __do_clear_bss
 *(.init4)
 *(.init5)
 *(.init5)
 *(.init6)
 *(.init6)
 *(.init7)
 *(.init7)
 *(.init8)
 *(.init8)
 *(.init9)
 .init9         0x0000016a        0x6 c:/program files (x86)/atmel/atmel toolchain/avr8 gcc/native/3.4.2.1002/avr8-gnu-toolchain/bin/../lib/gcc/avr/4.7.2/../../../../avr/lib/avr5/crtm32u4.o
 *(.init9)
 *(.text)
 .text          0x00000170        0x2 c:/program files (x86)/atmel/atmel toolchain/avr8 gcc/native/3.4.2.1002/avr8-gnu-toolchain/bin/../lib/gcc/avr/4.7.2/../../../../avr/lib/avr5/crtm32u4.o
                0x00000170                __vector_38
                0x00000170                __vector_22
                0x00000170                __vector_28
                0x00000170                __vector_1
                0x00000170                __vector_32
                0x00000170                __vector_34
                0x00000170                __vector_24
                0x00000170                __vector_12
                0x00000170                __bad_interrupt
                0x00000170                __vector_6
                0x00000170                __vector_31
                0x00000170                __vector_35
                0x00000170                __vector_39
                0x00000170                __vector_3
                0x00000170                __vector_23
                0x00000170                __vector_30
                0x00000170                __vector_25
                0x00000170                __vector_13
                0x00000170                __vector_17
                0x00000170                __vector_19
                0x00000170                __vector_7
                0x00000170                __vector_41
                0x00000170                __vector_27
                0x00000170                __vector_5
                0x00000170                __vector_33
                0x00000170                __vector_37
                0x00000170                __vector_4
                0x00000170                __vector_9
                0x00000170                __vector_2
                0x00000170                __vector_21
                0x00000170                __vector_15
                0x00000170                __vector_36
                0x00000170                __vector_29
                0x00000170                __vector_40
                0x00000170                __vector_8
                0x00000170                __vector_26
                0x00000170                __vector_14
                0x00000170                __vector_16
                0x00000170                __vector_18
                0x00000170                __vector_20
                0x00000170                __vector_42
                0x00000172                . = ALIGN (0x2)
 *(.text.*)
 .text.SetupHardware
                0x00000172       0x40 main.o
                0x00000172                SetupHardware
 .text.startup.main
                0x000001b2      0x106 main.o
                0x000001b2                main
 .text.EVENT_USB_Device_Connect
                0x000002b8        0x2 main.o
                0x000002b8                EVENT_USB_Device_Connect
 .text.EVENT_USB_Device_Disconnect
                0x000002ba        0x2 main.o
                0x000002ba                EVENT_USB_Device_Disconnect
 .text.EVENT_USB_Device_ConfigurationChanged
                0x000002bc        0x6 main.o
                0x000002bc                EVENT_USB_Device_ConfigurationChanged
 .text.EVENT_USB_Device_ControlRequest
                0x000002c2        0x6 main.o
                0x000002c2                EVENT_USB_Device_ControlRequest
 .text.CALLBACK_USB_GetDescriptor
                0x000002c8       0x7a Descriptors.o
                0x000002c8                CALLBACK_USB_GetDescriptor
 .text.twiSingleByteWrite
                0x00000342       0x84 sltwi.o
                0x00000342                twiSingleByteWrite
 .text.twiMultipleByteRead
                0x000003c6      0x126 sltwi.o
                0x000003c6                twiMultipleByteRead
 .text.twiSingleByteRead
                0x000004ec       0xd2 sltwi.o
                0x000004ec                twiSingleByteRead
 .text.Endpoint_Write_Stream_LE
                0x000005be       0x9a LUFA/Drivers/USB/Core/AVR8/EndpointStream_AVR8.o
                0x000005be                Endpoint_Write_Stream_LE
 .text.Endpoint_Write_Control_Stream_LE
                0x00000658       0xba LUFA/Drivers/USB/Core/AVR8/EndpointStream_AVR8.o
                0x00000658                Endpoint_Write_Control_Stream_LE
 .text.Endpoint_Write_Control_PStream_LE
                0x00000712       0xbc LUFA/Drivers/USB/Core/AVR8/EndpointStream_AVR8.o
                0x00000712                Endpoint_Write_Control_PStream_LE
 .text.Endpoint_ConfigureEndpoint_Prv
                0x000007ce       0x6e LUFA/Drivers/USB/Core/AVR8/Endpoint_AVR8.o
                0x000007ce                Endpoint_ConfigureEndpoint_Prv
 .text.Endpoint_ConfigureEndpointTable
                0x0000083c       0x7e LUFA/Drivers/USB/Core/AVR8/Endpoint_AVR8.o
                0x0000083c                Endpoint_ConfigureEndpointTable
 .text.Endpoint_ClearStatusStage
                0x000008ba       0x3e LUFA/Drivers/USB/Core/AVR8/Endpoint_AVR8.o
                0x000008ba                Endpoint_ClearStatusStage
 .text.Endpoint_WaitUntilReady
                0x000008f8       0x62 LUFA/Drivers/USB/Core/AVR8/Endpoint_AVR8.o
                0x000008f8                Endpoint_WaitUntilReady
 .text.USB_ResetInterface
                0x0000095a       0x7e LUFA/Drivers/USB/Core/AVR8/USBController_AVR8.o
                0x0000095a                USB_ResetInterface
 .text.USB_Init
                0x000009d8       0x20 LUFA/Drivers/USB/Core/AVR8/USBController_AVR8.o
                0x000009d8                USB_Init
 .text.USB_INT_DisableAllInterrupts
                0x000009f8       0x10 LUFA/Drivers/USB/Core/AVR8/USBInterrupt_AVR8.o
                0x000009f8                USB_INT_DisableAllInterrupts
 .text.USB_INT_ClearAllInterrupts
                0x00000a08        0xa LUFA/Drivers/USB/Core/AVR8/USBInterrupt_AVR8.o
                0x00000a08                USB_INT_ClearAllInterrupts
 .text.__vector_10
                0x00000a12      0x18c LUFA/Drivers/USB/Core/AVR8/USBInterrupt_AVR8.o
                0x00000a12                __vector_10
 .text.__vector_11
                0x00000b9e       0x86 LUFA/Drivers/USB/Core/AVR8/USBInterrupt_AVR8.o
                0x00000b9e                __vector_11
 .text.USB_Device_ProcessControlRequest
                0x00000c24      0x2be LUFA/Drivers/USB/Core/DeviceStandardReq.o
                0x00000c24                USB_Device_ProcessControlRequest
 .text.USB_Event_Stub
                0x00000ee2        0x2 LUFA/Drivers/USB/Core/Events.o
                0x00000ee2                USB_Event_Stub
                0x00000ee2                EVENT_USB_Device_Suspend
                0x00000ee2                EVENT_USB_Device_StartOfFrame
                0x00000ee2                EVENT_USB_Device_Reset
                0x00000ee2                EVENT_USB_Device_WakeUp
 .text.USB_USBTask
                0x00000ee4       0x36 LUFA/Drivers/USB/Core/USBTask.o
                0x00000ee4                USB_USBTask
 .text.CDC_Device_ConfigureEndpoints
                0x00000f1a       0x4a LUFA/Drivers/USB/Class/Device/CDCClassDevice.o
                0x00000f1a                CDC_Device_ConfigureEndpoints
 .text.CDC_Device_SendData
                0x00000f64       0x3a LUFA/Drivers/USB/Class/Device/CDCClassDevice.o
                0x00000f64                CDC_Device_SendData
 .text.CDC_Device_Flush
                0x00000f9e       0x5e LUFA/Drivers/USB/Class/Device/CDCClassDevice.o
                0x00000f9e                CDC_Device_Flush
 .text.CDC_Device_USBTask
                0x00000ffc       0x2a LUFA/Drivers/USB/Class/Device/CDCClassDevice.o
                0x00000ffc                CDC_Device_USBTask
 .text.CDC_Device_BytesReceived
                0x00001026       0x5e LUFA/Drivers/USB/Class/Device/CDCClassDevice.o
                0x00001026                CDC_Device_BytesReceived
 .text.CDC_Device_ReceiveByte
                0x00001084       0x6c LUFA/Drivers/USB/Class/Device/CDCClassDevice.o
                0x00001084                CDC_Device_ReceiveByte
 .text.CDC_Device_Event_Stub
                0x000010f0        0x2 LUFA/Drivers/USB/Class/Device/CDCClassDevice.o
                0x000010f0                EVENT_CDC_Device_ControLineStateChanged
                0x000010f0                EVENT_CDC_Device_BreakSent
                0x000010f0                CDC_Device_Event_Stub
                0x000010f0                EVENT_CDC_Device_LineEncodingChanged
 .text.CDC_Device_ProcessControlRequest
                0x000010f2      0x160 LUFA/Drivers/USB/Class/Device/CDCClassDevice.o
                0x000010f2                CDC_Device_ProcessControlRequest
 .text.avr-libc
                0x00001252       0x5a c:/program files (x86)/atmel/atmel toolchain/avr8 gcc/native/3.4.2.1002/avr8-gnu-toolchain/bin/../lib/gcc/avr/4.7.2/../../../../avr/lib/avr5\libc.a(snprintf.o)
                0x00001252                snprintf
 .text.avr-libc
                0x000012ac      0x39a c:/program files (x86)/atmel/atmel toolchain/avr8 gcc/native/3.4.2.1002/avr8-gnu-toolchain/bin/../lib/gcc/avr/4.7.2/../../../../avr/lib/avr5\libc.a(vfprintf_std.o)
                0x000012ac                vfprintf
 .text.avr-libc
                0x00001646       0x16 c:/program files (x86)/atmel/atmel toolchain/avr8 gcc/native/3.4.2.1002/avr8-gnu-toolchain/bin/../lib/gcc/avr/4.7.2/../../../../avr/lib/avr5\libc.a(strnlen_P.o)
                0x00001646                strnlen_P
 .text.avr-libc
                0x0000165c       0x16 c:/program files (x86)/atmel/atmel toolchain/avr8 gcc/native/3.4.2.1002/avr8-gnu-toolchain/bin/../lib/gcc/avr/4.7.2/../../../../avr/lib/avr5\libc.a(strnlen.o)
                0x0000165c                strnlen
 .text.avr-libc
                0x00001672       0x58 c:/program files (x86)/atmel/atmel toolchain/avr8 gcc/native/3.4.2.1002/avr8-gnu-toolchain/bin/../lib/gcc/avr/4.7.2/../../../../avr/lib/avr5\libc.a(fputc.o)
                0x00001672                fputc
 .text.avr-libc
                0x000016ca       0xbc c:/program files (x86)/atmel/atmel toolchain/avr8 gcc/native/3.4.2.1002/avr8-gnu-toolchain/bin/../lib/gcc/avr/4.7.2/../../../../avr/lib/avr5\libc.a(ultoa_invert.o)
                0x000016ca                __ultoa_invert
 .text.libgcc.prologue
                0x00001786       0x38 c:/program files (x86)/atmel/atmel toolchain/avr8 gcc/native/3.4.2.1002/avr8-gnu-toolchain/bin/../lib/gcc/avr/4.7.2/avr5\libgcc.a(_prologue.o)
                0x00001786                __prologue_saves__
 .text.libgcc.prologue
                0x000017be       0x36 c:/program files (x86)/atmel/atmel toolchain/avr8 gcc/native/3.4.2.1002/avr8-gnu-toolchain/bin/../lib/gcc/avr/4.7.2/avr5\libgcc.a(_epilogue.o)
                0x000017be                __epilogue_restores__
                0x000017f4                . = ALIGN (0x2)
 *(.fini9)
 .fini9         0x000017f4        0x0 c:/program files (x86)/atmel/atmel toolchain/avr8 gcc/native/3.4.2.1002/avr8-gnu-toolchain/bin/../lib/gcc/avr/4.7.2/avr5\libgcc.a(_exit.o)
                0x000017f4                _exit
                0x000017f4                exit
 *(.fini9)
 *(.fini8)
 *(.fini8)
 *(.fini7)
 *(.fini7)
 *(.fini6)
 *(.fini6)
 *(.fini5)
 *(.fini5)
 *(.fini4)
 *(.fini4)
 *(.fini3)
 *(.fini3)
 *(.fini2)
 *(.fini2)
 *(.fini1)
 *(.fini1)
 *(.fini0)
 .fini0         0x000017f4        0x4 c:/program files (x86)/atmel/atmel toolchain/avr8 gcc/native/3.4.2.1002/avr8-gnu-toolchain/bin/../lib/gcc/avr/4.7.2/avr5\libgcc.a(_exit.o)
 *(.fini0)
                0x000017f8                _etext = .

.data           0x00800100       0x2c load address 0x000017f8
                0x00800100                PROVIDE (__data_start, .)
 *(.data)
 .data          0x00800100        0x0 c:/program files (x86)/atmel/atmel toolchain/avr8 gcc/native/3.4.2.1002/avr8-gnu-toolchain/bin/../lib/gcc/avr/4.7.2/../../../../avr/lib/avr5/crtm32u4.o
 .data          0x00800100       0x1b main.o
                0x00800100                VirtualSerial_CDC_Interface
 .data          0x0080011b        0x0 Descriptors.o
 .data          0x0080011b        0x0 sltwi.o
 .data          0x0080011b        0x0 LUFA/Drivers/USB/Class/Common/HIDParser.o
 .data          0x0080011b        0x0 LUFA/Drivers/USB/Core/AVR8/Device_AVR8.o
 .data          0x0080011b        0x0 LUFA/Drivers/USB/Core/AVR8/EndpointStream_AVR8.o
 .data          0x0080011b        0x0 LUFA/Drivers/USB/Core/AVR8/Endpoint_AVR8.o
 .data          0x0080011b        0x0 LUFA/Drivers/USB/Core/AVR8/Host_AVR8.o
 .data          0x0080011b        0x0 LUFA/Drivers/USB/Core/AVR8/PipeStream_AVR8.o
 .data          0x0080011b        0x0 LUFA/Drivers/USB/Core/AVR8/Pipe_AVR8.o
 .data          0x0080011b        0x0 LUFA/Drivers/USB/Core/AVR8/USBController_AVR8.o
 .data          0x0080011b        0x0 LUFA/Drivers/USB/Core/AVR8/USBInterrupt_AVR8.o
 .data          0x0080011b        0x0 LUFA/Drivers/USB/Core/ConfigDescriptors.o
 .data          0x0080011b        0x0 LUFA/Drivers/USB/Core/DeviceStandardReq.o
 .data          0x0080011b        0x0 LUFA/Drivers/USB/Core/Events.o
 .data          0x0080011b        0x0 LUFA/Drivers/USB/Core/HostStandardReq.o
 .data          0x0080011b        0x0 LUFA/Drivers/USB/Core/USBTask.o
 .data          0x0080011b        0x0 LUFA/Drivers/USB/Class/Device/AudioClassDevice.o
 .data          0x0080011b        0x0 LUFA/Drivers/USB/Class/Device/CDCClassDevice.o
 .data          0x0080011b        0x0 LUFA/Drivers/USB/Class/Device/HIDClassDevice.o
 .data          0x0080011b        0x0 LUFA/Drivers/USB/Class/Device/MassStorageClassDevice.o
 .data          0x0080011b        0x0 LUFA/Drivers/USB/Class/Device/MIDIClassDevice.o
 .data          0x0080011b        0x0 LUFA/Drivers/USB/Class/Device/PrinterClassDevice.o
 .data          0x0080011b        0x0 LUFA/Drivers/USB/Class/Device/RNDISClassDevice.o
 .data          0x0080011b        0x0 LUFA/Drivers/USB/Class/Host/AndroidAccessoryClassHost.o
 .data          0x0080011b        0x0 LUFA/Drivers/USB/Class/Host/AudioClassHost.o
 .data          0x0080011b        0x0 LUFA/Drivers/USB/Class/Host/CDCClassHost.o
 .data          0x0080011b        0x0 LUFA/Drivers/USB/Class/Host/HIDClassHost.o
 .data          0x0080011b        0x0 LUFA/Drivers/USB/Class/Host/MassStorageClassHost.o
 .data          0x0080011b        0x0 LUFA/Drivers/USB/Class/Host/MIDIClassHost.o
 .data          0x0080011b        0x0 LUFA/Drivers/USB/Class/Host/PrinterClassHost.o
 .data          0x0080011b        0x0 LUFA/Drivers/USB/Class/Host/RNDISClassHost.o
 .data          0x0080011b        0x0 LUFA/Drivers/USB/Class/Host/StillImageClassHost.o
 .data          0x0080011b        0x0 c:/program files (x86)/atmel/atmel toolchain/avr8 gcc/native/3.4.2.1002/avr8-gnu-toolchain/bin/../lib/gcc/avr/4.7.2/avr5\libgcc.a(_exit.o)
 .data          0x0080011b        0x0 c:/program files (x86)/atmel/atmel toolchain/avr8 gcc/native/3.4.2.1002/avr8-gnu-toolchain/bin/../lib/gcc/avr/4.7.2/avr5\libgcc.a(_copy_data.o)
 .data          0x0080011b        0x0 c:/program files (x86)/atmel/atmel toolchain/avr8 gcc/native/3.4.2.1002/avr8-gnu-toolchain/bin/../lib/gcc/avr/4.7.2/avr5\libgcc.a(_clear_bss.o)
 .data          0x0080011b        0x0 c:/program files (x86)/atmel/atmel toolchain/avr8 gcc/native/3.4.2.1002/avr8-gnu-toolchain/bin/../lib/gcc/avr/4.7.2/../../../../avr/lib/avr5\libc.a(memcpy_P.o)
 .data          0x0080011b        0x0 c:/program files (x86)/atmel/atmel toolchain/avr8 gcc/native/3.4.2.1002/avr8-gnu-toolchain/bin/../lib/gcc/avr/4.7.2/../../../../avr/lib/avr5\libc.a(memcmp.o)
 .data          0x0080011b        0x0 c:/program files (x86)/atmel/atmel toolchain/avr8 gcc/native/3.4.2.1002/avr8-gnu-toolchain/bin/../lib/gcc/avr/4.7.2/../../../../avr/lib/avr5\libc.a(memcpy.o)
 .data          0x0080011b        0x0 c:/program files (x86)/atmel/atmel toolchain/avr8 gcc/native/3.4.2.1002/avr8-gnu-toolchain/bin/../lib/gcc/avr/4.7.2/../../../../avr/lib/avr5\libc.a(memset.o)
 .data          0x0080011b        0x0 c:/program files (x86)/atmel/atmel toolchain/avr8 gcc/native/3.4.2.1002/avr8-gnu-toolchain/bin/../lib/gcc/avr/4.7.2/../../../../avr/lib/avr5\libc.a(snprintf.o)
 .data          0x0080011b        0x0 c:/program files (x86)/atmel/atmel toolchain/avr8 gcc/native/3.4.2.1002/avr8-gnu-toolchain/bin/../lib/gcc/avr/4.7.2/../../../../avr/lib/avr5\libc.a(vfprintf_std.o)
 .data          0x0080011b        0x0 c:/program files (x86)/atmel/atmel toolchain/avr8 gcc/native/3.4.2.1002/avr8-gnu-toolchain/bin/../lib/gcc/avr/4.7.2/../../../../avr/lib/avr5\libc.a(eerd_byte_atmega32u4.o)
 .data          0x0080011b        0x0 c:/program files (x86)/atmel/atmel toolchain/avr8 gcc/native/3.4.2.1002/avr8-gnu-toolchain/bin/../lib/gcc/avr/4.7.2/../../../../avr/lib/avr5\libc.a(eeupd_byte_atmega32u4.o)
 .data          0x0080011b        0x0 c:/program files (x86)/atmel/atmel toolchain/avr8 gcc/native/3.4.2.1002/avr8-gnu-toolchain/bin/../lib/gcc/avr/4.7.2/../../../../avr/lib/avr5\libc.a(strnlen_P.o)
 .data          0x0080011b        0x0 c:/program files (x86)/atmel/atmel toolchain/avr8 gcc/native/3.4.2.1002/avr8-gnu-toolchain/bin/../lib/gcc/avr/4.7.2/../../../../avr/lib/avr5\libc.a(strnlen.o)
 .data          0x0080011b        0x0 c:/program files (x86)/atmel/atmel toolchain/avr8 gcc/native/3.4.2.1002/avr8-gnu-toolchain/bin/../lib/gcc/avr/4.7.2/../../../../avr/lib/avr5\libc.a(fputc.o)
 .data          0x0080011b        0x0 c:/program files (x86)/atmel/atmel toolchain/avr8 gcc/native/3.4.2.1002/avr8-gnu-toolchain/bin/../lib/gcc/avr/4.7.2/../../../../avr/lib/avr5\libc.a(ultoa_invert.o)
 .data          0x0080011b        0x0 c:/program files (x86)/atmel/atmel toolchain/avr8 gcc/native/3.4.2.1002/avr8-gnu-toolchain/bin/../lib/gcc/avr/4.7.2/avr5\libgcc.a(_prologue.o)
 .data          0x0080011b        0x0 c:/program files (x86)/atmel/atmel toolchain/avr8 gcc/native/3.4.2.1002/avr8-gnu-toolchain/bin/../lib/gcc/avr/4.7.2/avr5\libgcc.a(_epilogue.o)
 *(.data*)
 *(.rodata)
 *(.rodata*)
 .rodata.str1.1
                0x0080011b       0x10 main.o
 *(.gnu.linkonce.d*)
                0x0080012c                . = ALIGN (0x2)
 *fill*         0x0080012b        0x1 
                0x0080012c                _edata = .
                0x0080012c                PROVIDE (__data_end, .)

.bss            0x0080012c        0xc
                0x0080012c                PROVIDE (__bss_start, .)
 *(.bss)
 *(.bss*)
 *(COMMON)
 COMMON         0x0080012c        0x3 LUFA/Drivers/USB/Core/DeviceStandardReq.o
                0x0080012c                USB_Device_ConfigurationNumber
                0x0080012d                USB_Device_CurrentlySelfPowered
                0x0080012e                USB_Device_RemoteWakeupEnabled
 COMMON         0x0080012f        0x9 LUFA/Drivers/USB/Core/USBTask.o
                0x0080012f                USB_IsInitialized
                0x00800130                USB_ControlRequest
                0x00800138                PROVIDE (__bss_end, .)
                0x000017f8                __data_load_start = LOADADDR (.data)
                0x00001824                __data_load_end = (__data_load_start + SIZEOF (.data))

.noinit         0x00800138        0x0
                0x00800138                PROVIDE (__noinit_start, .)
 *(.noinit*)
                0x00800138                PROVIDE (__noinit_end, .)
                0x00800138                _end = .
                0x00800138                PROVIDE (__heap_start, .)

.eeprom         0x00810000        0x0
 *(.eeprom*)
                0x00810000                __eeprom_end = .

.fuse
 *(.fuse)
 *(.lfuse)
 *(.hfuse)
 *(.efuse)

.lock
 *(.lock*)

.signature
 *(.signature*)

.user_signatures
 *(.user_signatures*)

.stab           0x00000000     0x1050
 *(.stab)
 .stab          0x00000000      0x6cc c:/program files (x86)/atmel/atmel toolchain/avr8 gcc/native/3.4.2.1002/avr8-gnu-toolchain/bin/../lib/gcc/avr/4.7.2/../../../../avr/lib/avr5/crtm32u4.o
 .stab          0x000006cc       0x84 c:/program files (x86)/atmel/atmel toolchain/avr8 gcc/native/3.4.2.1002/avr8-gnu-toolchain/bin/../lib/gcc/avr/4.7.2/../../../../avr/lib/avr5\libc.a(memcpy_P.o)
                                 0x90 (size before relaxing)
 .stab          0x00000750       0xb4 c:/program files (x86)/atmel/atmel toolchain/avr8 gcc/native/3.4.2.1002/avr8-gnu-toolchain/bin/../lib/gcc/avr/4.7.2/../../../../avr/lib/avr5\libc.a(memcmp.o)
                                 0xc0 (size before relaxing)
 .stab          0x00000804       0x84 c:/program files (x86)/atmel/atmel toolchain/avr8 gcc/native/3.4.2.1002/avr8-gnu-toolchain/bin/../lib/gcc/avr/4.7.2/../../../../avr/lib/avr5\libc.a(memcpy.o)
                                 0x90 (size before relaxing)
 .stab          0x00000888       0x6c c:/program files (x86)/atmel/atmel toolchain/avr8 gcc/native/3.4.2.1002/avr8-gnu-toolchain/bin/../lib/gcc/avr/4.7.2/../../../../avr/lib/avr5\libc.a(memset.o)
                                 0x78 (size before relaxing)
 .stab          0x000008f4       0x90 c:/program files (x86)/atmel/atmel toolchain/avr8 gcc/native/3.4.2.1002/avr8-gnu-toolchain/bin/../lib/gcc/avr/4.7.2/../../../../avr/lib/avr5\libc.a(eerd_byte_atmega32u4.o)
                                 0x9c (size before relaxing)
 .stab          0x00000984      0x114 c:/program files (x86)/atmel/atmel toolchain/avr8 gcc/native/3.4.2.1002/avr8-gnu-toolchain/bin/../lib/gcc/avr/4.7.2/../../../../avr/lib/avr5\libc.a(eeupd_byte_atmega32u4.o)
                                0x120 (size before relaxing)
 .stab          0x00000a98       0x9c c:/program files (x86)/atmel/atmel toolchain/avr8 gcc/native/3.4.2.1002/avr8-gnu-toolchain/bin/../lib/gcc/avr/4.7.2/../../../../avr/lib/avr5\libc.a(strnlen_P.o)
                                 0xa8 (size before relaxing)
 .stab          0x00000b34       0x9c c:/program files (x86)/atmel/atmel toolchain/avr8 gcc/native/3.4.2.1002/avr8-gnu-toolchain/bin/../lib/gcc/avr/4.7.2/../../../../avr/lib/avr5\libc.a(strnlen.o)
                                 0xa8 (size before relaxing)
 .stab          0x00000bd0      0x480 c:/program files (x86)/atmel/atmel toolchain/avr8 gcc/native/3.4.2.1002/avr8-gnu-toolchain/bin/../lib/gcc/avr/4.7.2/../../../../avr/lib/avr5\libc.a(ultoa_invert.o)
                                0x48c (size before relaxing)

.stabstr        0x00000000      0x4bd
 *(.stabstr)
 .stabstr       0x00000000      0x4bd c:/program files (x86)/atmel/atmel toolchain/avr8 gcc/native/3.4.2.1002/avr8-gnu-toolchain/bin/../lib/gcc/avr/4.7.2/../../../../avr/lib/avr5/crtm32u4.o

.stab.excl
 *(.stab.excl)

.stab.exclstr
 *(.stab.exclstr)

.stab.index
 *(.stab.index)

.stab.indexstr
 *(.stab.indexstr)

.comment        0x00000000       0x2f
 *(.comment)
 .comment       0x00000000       0x2f main.o
                                 0x30 (size before relaxing)
 .comment       0x00000000       0x30 Descriptors.o
 .comment       0x00000000       0x30 sltwi.o
 .comment       0x00000000       0x30 LUFA/Drivers/USB/Class/Common/HIDParser.o
 .comment       0x00000000       0x30 LUFA/Drivers/USB/Core/AVR8/Device_AVR8.o
 .comment       0x00000000       0x30 LUFA/Drivers/USB/Core/AVR8/EndpointStream_AVR8.o
 .comment       0x00000000       0x30 LUFA/Drivers/USB/Core/AVR8/Endpoint_AVR8.o
 .comment       0x00000000       0x30 LUFA/Drivers/USB/Core/AVR8/Host_AVR8.o
 .comment       0x00000000       0x30 LUFA/Drivers/USB/Core/AVR8/PipeStream_AVR8.o
 .comment       0x00000000       0x30 LUFA/Drivers/USB/Core/AVR8/Pipe_AVR8.o
 .comment       0x00000000       0x30 LUFA/Drivers/USB/Core/AVR8/USBController_AVR8.o
 .comment       0x00000000       0x30 LUFA/Drivers/USB/Core/AVR8/USBInterrupt_AVR8.o
 .comment       0x00000000       0x30 LUFA/Drivers/USB/Core/ConfigDescriptors.o
 .comment       0x00000000       0x30 LUFA/Drivers/USB/Core/DeviceStandardReq.o
 .comment       0x00000000       0x30 LUFA/Drivers/USB/Core/Events.o
 .comment       0x00000000       0x30 LUFA/Drivers/USB/Core/HostStandardReq.o
 .comment       0x00000000       0x30 LUFA/Drivers/USB/Core/USBTask.o
 .comment       0x00000000       0x30 LUFA/Drivers/USB/Class/Device/AudioClassDevice.o
 .comment       0x00000000       0x30 LUFA/Drivers/USB/Class/Device/CDCClassDevice.o
 .comment       0x00000000       0x30 LUFA/Drivers/USB/Class/Device/HIDClassDevice.o
 .comment       0x00000000       0x30 LUFA/Drivers/USB/Class/Device/MassStorageClassDevice.o
 .comment       0x00000000       0x30 LUFA/Drivers/USB/Class/Device/MIDIClassDevice.o
 .comment       0x00000000       0x30 LUFA/Drivers/USB/Class/Device/PrinterClassDevice.o
 .comment       0x00000000       0x30 LUFA/Drivers/USB/Class/Device/RNDISClassDevice.o
 .comment       0x00000000       0x30 LUFA/Drivers/USB/Class/Host/AndroidAccessoryClassHost.o
 .comment       0x00000000       0x30 LUFA/Drivers/USB/Class/Host/AudioClassHost.o
 .comment       0x00000000       0x30 LUFA/Drivers/USB/Class/Host/CDCClassHost.o
 .comment       0x00000000       0x30 LUFA/Drivers/USB/Class/Host/HIDClassHost.o
 .comment       0x00000000       0x30 LUFA/Drivers/USB/Class/Host/MassStorageClassHost.o
 .comment       0x00000000       0x30 LUFA/Drivers/USB/Class/Host/MIDIClassHost.o
 .comment       0x00000000       0x30 LUFA/Drivers/USB/Class/Host/PrinterClassHost.o
 .comment       0x00000000       0x30 LUFA/Drivers/USB/Class/Host/RNDISClassHost.o
 .comment       0x00000000       0x30 LUFA/Drivers/USB/Class/Host/StillImageClassHost.o
 .comment       0x00000000       0x30 c:/program files (x86)/atmel/atmel toolchain/avr8 gcc/native/3.4.2.1002/avr8-gnu-toolchain/bin/../lib/gcc/avr/4.7.2/../../../../avr/lib/avr5\libc.a(snprintf.o)
 .comment       0x00000000       0x30 c:/program files (x86)/atmel/atmel toolchain/avr8 gcc/native/3.4.2.1002/avr8-gnu-toolchain/bin/../lib/gcc/avr/4.7.2/../../../../avr/lib/avr5\libc.a(vfprintf_std.o)
 .comment       0x00000000       0x30 c:/program files (x86)/atmel/atmel toolchain/avr8 gcc/native/3.4.2.1002/avr8-gnu-toolchain/bin/../lib/gcc/avr/4.7.2/../../../../avr/lib/avr5\libc.a(fputc.o)

.debug
 *(.debug)

.line
 *(.line)

.debug_srcinfo
 *(.debug_srcinfo)

.debug_sfnames
 *(.debug_sfnames)

.debug_aranges  0x00000000      0x6d8
 *(.debug_aranges)
 .debug_aranges
                0x00000000       0x48 main.o
 .debug_aranges
                0x00000048       0x20 Descriptors.o
 .debug_aranges
                0x00000068       0x30 sltwi.o
 .debug_aranges
                0x00000098       0x38 LUFA/Drivers/USB/Class/Common/HIDParser.o
 .debug_aranges
                0x000000d0       0x20 LUFA/Drivers/USB/Core/AVR8/Device_AVR8.o
 .debug_aranges
                0x000000f0       0xc8 LUFA/Drivers/USB/Core/AVR8/EndpointStream_AVR8.o
 .debug_aranges
                0x000001b8       0x40 LUFA/Drivers/USB/Core/AVR8/Endpoint_AVR8.o
 .debug_aranges
                0x000001f8       0x18 LUFA/Drivers/USB/Core/AVR8/Host_AVR8.o
 .debug_aranges
                0x00000210       0x18 LUFA/Drivers/USB/Core/AVR8/PipeStream_AVR8.o
 .debug_aranges
                0x00000228       0x18 LUFA/Drivers/USB/Core/AVR8/Pipe_AVR8.o
 .debug_aranges
                0x00000240       0x30 LUFA/Drivers/USB/Core/AVR8/USBController_AVR8.o
 .debug_aranges
                0x00000270       0x38 LUFA/Drivers/USB/Core/AVR8/USBInterrupt_AVR8.o
 .debug_aranges
                0x000002a8       0x40 LUFA/Drivers/USB/Core/ConfigDescriptors.o
 .debug_aranges
                0x000002e8       0x20 LUFA/Drivers/USB/Core/DeviceStandardReq.o
 .debug_aranges
                0x00000308       0x20 LUFA/Drivers/USB/Core/Events.o
 .debug_aranges
                0x00000328       0x18 LUFA/Drivers/USB/Core/HostStandardReq.o
 .debug_aranges
                0x00000340       0x20 LUFA/Drivers/USB/Core/USBTask.o
 .debug_aranges
                0x00000360       0x30 LUFA/Drivers/USB/Class/Device/AudioClassDevice.o
 .debug_aranges
                0x00000390       0x98 LUFA/Drivers/USB/Class/Device/CDCClassDevice.o
 .debug_aranges
                0x00000428       0x30 LUFA/Drivers/USB/Class/Device/HIDClassDevice.o
 .debug_aranges
                0x00000458       0x30 LUFA/Drivers/USB/Class/Device/MassStorageClassDevice.o
 .debug_aranges
                0x00000488       0x40 LUFA/Drivers/USB/Class/Device/MIDIClassDevice.o
 .debug_aranges
                0x000004c8       0x90 LUFA/Drivers/USB/Class/Device/PrinterClassDevice.o
 .debug_aranges
                0x00000558       0x48 LUFA/Drivers/USB/Class/Device/RNDISClassDevice.o
 .debug_aranges
                0x000005a0       0x18 LUFA/Drivers/USB/Class/Host/AndroidAccessoryClassHost.o
 .debug_aranges
                0x000005b8       0x18 LUFA/Drivers/USB/Class/Host/AudioClassHost.o
 .debug_aranges
                0x000005d0       0x18 LUFA/Drivers/USB/Class/Host/CDCClassHost.o
 .debug_aranges
                0x000005e8       0x18 LUFA/Drivers/USB/Class/Host/HIDClassHost.o
 .debug_aranges
                0x00000600       0x18 LUFA/Drivers/USB/Class/Host/MassStorageClassHost.o
 .debug_aranges
                0x00000618       0x18 LUFA/Drivers/USB/Class/Host/MIDIClassHost.o
 .debug_aranges
                0x00000630       0x18 LUFA/Drivers/USB/Class/Host/PrinterClassHost.o
 .debug_aranges
                0x00000648       0x18 LUFA/Drivers/USB/Class/Host/RNDISClassHost.o
 .debug_aranges
                0x00000660       0x18 LUFA/Drivers/USB/Class/Host/StillImageClassHost.o
 .debug_aranges
                0x00000678       0x20 c:/program files (x86)/atmel/atmel toolchain/avr8 gcc/native/3.4.2.1002/avr8-gnu-toolchain/bin/../lib/gcc/avr/4.7.2/../../../../avr/lib/avr5\libc.a(snprintf.o)
 .debug_aranges
                0x00000698       0x20 c:/program files (x86)/atmel/atmel toolchain/avr8 gcc/native/3.4.2.1002/avr8-gnu-toolchain/bin/../lib/gcc/avr/4.7.2/../../../../avr/lib/avr5\libc.a(vfprintf_std.o)
 .debug_aranges
                0x000006b8       0x20 c:/program files (x86)/atmel/atmel toolchain/avr8 gcc/native/3.4.2.1002/avr8-gnu-toolchain/bin/../lib/gcc/avr/4.7.2/../../../../avr/lib/avr5\libc.a(fputc.o)

.debug_pubnames
 *(.debug_pubnames)

.debug_info     0x00000000     0xaf5d
 *(.debug_info)
 .debug_info    0x00000000      0x7af main.o
 .debug_info    0x000007af      0x77c Descriptors.o
 .debug_info    0x00000f2b      0x190 sltwi.o
 .debug_info    0x000010bb      0x73a LUFA/Drivers/USB/Class/Common/HIDParser.o
 .debug_info    0x000017f5       0xd2 LUFA/Drivers/USB/Core/AVR8/Device_AVR8.o
 .debug_info    0x000018c7     0x1737 LUFA/Drivers/USB/Core/AVR8/EndpointStream_AVR8.o
 .debug_info    0x00002ffe      0x609 LUFA/Drivers/USB/Core/AVR8/Endpoint_AVR8.o
 .debug_info    0x00003607       0x56 LUFA/Drivers/USB/Core/AVR8/Host_AVR8.o
 .debug_info    0x0000365d       0x56 LUFA/Drivers/USB/Core/AVR8/PipeStream_AVR8.o
 .debug_info    0x000036b3       0x56 LUFA/Drivers/USB/Core/AVR8/Pipe_AVR8.o
 .debug_info    0x00003709      0x4b9 LUFA/Drivers/USB/Core/AVR8/USBController_AVR8.o
 .debug_info    0x00003bc2      0x7b8 LUFA/Drivers/USB/Core/AVR8/USBInterrupt_AVR8.o
 .debug_info    0x0000437a      0x3cd LUFA/Drivers/USB/Core/ConfigDescriptors.o
 .debug_info    0x00004747      0xa42 LUFA/Drivers/USB/Core/DeviceStandardReq.o
 .debug_info    0x00005189       0x78 LUFA/Drivers/USB/Core/Events.o
 .debug_info    0x00005201       0x56 LUFA/Drivers/USB/Core/HostStandardReq.o
 .debug_info    0x00005257      0x256 LUFA/Drivers/USB/Core/USBTask.o
 .debug_info    0x000054ad      0x8de LUFA/Drivers/USB/Class/Device/AudioClassDevice.o
 .debug_info    0x00005d8b      0xe70 LUFA/Drivers/USB/Class/Device/CDCClassDevice.o
 .debug_info    0x00006bfb      0x9cf LUFA/Drivers/USB/Class/Device/HIDClassDevice.o
 .debug_info    0x000075ca      0x945 LUFA/Drivers/USB/Class/Device/MassStorageClassDevice.o
 .debug_info    0x00007f0f      0x61f LUFA/Drivers/USB/Class/Device/MIDIClassDevice.o
 .debug_info    0x0000852e      0xcd3 LUFA/Drivers/USB/Class/Device/PrinterClassDevice.o
 .debug_info    0x00009201     0x117d LUFA/Drivers/USB/Class/Device/RNDISClassDevice.o
 .debug_info    0x0000a37e       0x56 LUFA/Drivers/USB/Class/Host/AndroidAccessoryClassHost.o
 .debug_info    0x0000a3d4       0x56 LUFA/Drivers/USB/Class/Host/AudioClassHost.o
 .debug_info    0x0000a42a       0x56 LUFA/Drivers/USB/Class/Host/CDCClassHost.o
 .debug_info    0x0000a480       0x56 LUFA/Drivers/USB/Class/Host/HIDClassHost.o
 .debug_info    0x0000a4d6       0x56 LUFA/Drivers/USB/Class/Host/MassStorageClassHost.o
 .debug_info    0x0000a52c       0x56 LUFA/Drivers/USB/Class/Host/MIDIClassHost.o
 .debug_info    0x0000a582       0x56 LUFA/Drivers/USB/Class/Host/PrinterClassHost.o
 .debug_info    0x0000a5d8       0x56 LUFA/Drivers/USB/Class/Host/RNDISClassHost.o
 .debug_info    0x0000a62e       0x56 LUFA/Drivers/USB/Class/Host/StillImageClassHost.o
 .debug_info    0x0000a684      0x21c c:/program files (x86)/atmel/atmel toolchain/avr8 gcc/native/3.4.2.1002/avr8-gnu-toolchain/bin/../lib/gcc/avr/4.7.2/../../../../avr/lib/avr5\libc.a(snprintf.o)
 .debug_info    0x0000a8a0      0x549 c:/program files (x86)/atmel/atmel toolchain/avr8 gcc/native/3.4.2.1002/avr8-gnu-toolchain/bin/../lib/gcc/avr/4.7.2/../../../../avr/lib/avr5\libc.a(vfprintf_std.o)
 .debug_info    0x0000ade9      0x174 c:/program files (x86)/atmel/atmel toolchain/avr8 gcc/native/3.4.2.1002/avr8-gnu-toolchain/bin/../lib/gcc/avr/4.7.2/../../../../avr/lib/avr5\libc.a(fputc.o)
 *(.gnu.linkonce.wi.*)

.debug_abbrev   0x00000000     0x2f83
 *(.debug_abbrev)
 .debug_abbrev  0x00000000      0x2e8 main.o
 .debug_abbrev  0x000002e8      0x136 Descriptors.o
 .debug_abbrev  0x0000041e       0xd7 sltwi.o
 .debug_abbrev  0x000004f5      0x22b LUFA/Drivers/USB/Class/Common/HIDParser.o
 .debug_abbrev  0x00000720       0x80 LUFA/Drivers/USB/Core/AVR8/Device_AVR8.o
 .debug_abbrev  0x000007a0      0x213 LUFA/Drivers/USB/Core/AVR8/EndpointStream_AVR8.o
 .debug_abbrev  0x000009b3      0x21b LUFA/Drivers/USB/Core/AVR8/Endpoint_AVR8.o
 .debug_abbrev  0x00000bce       0x26 LUFA/Drivers/USB/Core/AVR8/Host_AVR8.o
 .debug_abbrev  0x00000bf4       0x26 LUFA/Drivers/USB/Core/AVR8/PipeStream_AVR8.o
 .debug_abbrev  0x00000c1a       0x26 LUFA/Drivers/USB/Core/AVR8/Pipe_AVR8.o
 .debug_abbrev  0x00000c40      0x196 LUFA/Drivers/USB/Core/AVR8/USBController_AVR8.o
 .debug_abbrev  0x00000dd6      0x228 LUFA/Drivers/USB/Core/AVR8/USBInterrupt_AVR8.o
 .debug_abbrev  0x00000ffe      0x183 LUFA/Drivers/USB/Core/ConfigDescriptors.o
 .debug_abbrev  0x00001181      0x2c0 LUFA/Drivers/USB/Core/DeviceStandardReq.o
 .debug_abbrev  0x00001441       0x44 LUFA/Drivers/USB/Core/Events.o
 .debug_abbrev  0x00001485       0x26 LUFA/Drivers/USB/Core/HostStandardReq.o
 .debug_abbrev  0x000014ab      0x16a LUFA/Drivers/USB/Core/USBTask.o
 .debug_abbrev  0x00001615      0x203 LUFA/Drivers/USB/Class/Device/AudioClassDevice.o
 .debug_abbrev  0x00001818      0x416 LUFA/Drivers/USB/Class/Device/CDCClassDevice.o
 .debug_abbrev  0x00001c2e      0x278 LUFA/Drivers/USB/Class/Device/HIDClassDevice.o
 .debug_abbrev  0x00001ea6      0x2af LUFA/Drivers/USB/Class/Device/MassStorageClassDevice.o
 .debug_abbrev  0x00002155      0x22d LUFA/Drivers/USB/Class/Device/MIDIClassDevice.o
 .debug_abbrev  0x00002382      0x343 LUFA/Drivers/USB/Class/Device/PrinterClassDevice.o
 .debug_abbrev  0x000026c5      0x368 LUFA/Drivers/USB/Class/Device/RNDISClassDevice.o
 .debug_abbrev  0x00002a2d       0x26 LUFA/Drivers/USB/Class/Host/AndroidAccessoryClassHost.o
 .debug_abbrev  0x00002a53       0x26 LUFA/Drivers/USB/Class/Host/AudioClassHost.o
 .debug_abbrev  0x00002a79       0x26 LUFA/Drivers/USB/Class/Host/CDCClassHost.o
 .debug_abbrev  0x00002a9f       0x26 LUFA/Drivers/USB/Class/Host/HIDClassHost.o
 .debug_abbrev  0x00002ac5       0x26 LUFA/Drivers/USB/Class/Host/MassStorageClassHost.o
 .debug_abbrev  0x00002aeb       0x26 LUFA/Drivers/USB/Class/Host/MIDIClassHost.o
 .debug_abbrev  0x00002b11       0x26 LUFA/Drivers/USB/Class/Host/PrinterClassHost.o
 .debug_abbrev  0x00002b37       0x26 LUFA/Drivers/USB/Class/Host/RNDISClassHost.o
 .debug_abbrev  0x00002b5d       0x26 LUFA/Drivers/USB/Class/Host/StillImageClassHost.o
 .debug_abbrev  0x00002b83      0x139 c:/program files (x86)/atmel/atmel toolchain/avr8 gcc/native/3.4.2.1002/avr8-gnu-toolchain/bin/../lib/gcc/avr/4.7.2/../../../../avr/lib/avr5\libc.a(snprintf.o)
 .debug_abbrev  0x00002cbc      0x1d6 c:/program files (x86)/atmel/atmel toolchain/avr8 gcc/native/3.4.2.1002/avr8-gnu-toolchain/bin/../lib/gcc/avr/4.7.2/../../../../avr/lib/avr5\libc.a(vfprintf_std.o)
 .debug_abbrev  0x00002e92       0xf1 c:/program files (x86)/atmel/atmel toolchain/avr8 gcc/native/3.4.2.1002/avr8-gnu-toolchain/bin/../lib/gcc/avr/4.7.2/../../../../avr/lib/avr5\libc.a(fputc.o)

.debug_line     0x00000000     0x6ef2
 *(.debug_line)
 .debug_line    0x00000000      0x54c main.o
 .debug_line    0x0000054c      0x263 Descriptors.o
 .debug_line    0x000007af      0x34c sltwi.o
 .debug_line    0x00000afb      0x609 LUFA/Drivers/USB/Class/Common/HIDParser.o
 .debug_line    0x00001104      0x16f LUFA/Drivers/USB/Core/AVR8/Device_AVR8.o
 .debug_line    0x00001273     0x15bc LUFA/Drivers/USB/Core/AVR8/EndpointStream_AVR8.o
 .debug_line    0x0000282f      0x4c2 LUFA/Drivers/USB/Core/AVR8/Endpoint_AVR8.o
 .debug_line    0x00002cf1       0x1a LUFA/Drivers/USB/Core/AVR8/Host_AVR8.o
 .debug_line    0x00002d0b       0x1a LUFA/Drivers/USB/Core/AVR8/PipeStream_AVR8.o
 .debug_line    0x00002d25       0x1a LUFA/Drivers/USB/Core/AVR8/Pipe_AVR8.o
 .debug_line    0x00002d3f      0x324 LUFA/Drivers/USB/Core/AVR8/USBController_AVR8.o
 .debug_line    0x00003063      0x53b LUFA/Drivers/USB/Core/AVR8/USBInterrupt_AVR8.o
 .debug_line    0x0000359e      0x257 LUFA/Drivers/USB/Core/ConfigDescriptors.o
 .debug_line    0x000037f5      0x4bb LUFA/Drivers/USB/Core/DeviceStandardReq.o
 .debug_line    0x00003cb0       0x4c LUFA/Drivers/USB/Core/Events.o
 .debug_line    0x00003cfc       0x1a LUFA/Drivers/USB/Core/HostStandardReq.o
 .debug_line    0x00003d16      0x1b9 LUFA/Drivers/USB/Core/USBTask.o
 .debug_line    0x00003ecf      0x433 LUFA/Drivers/USB/Class/Device/AudioClassDevice.o
 .debug_line    0x00004302      0x843 LUFA/Drivers/USB/Class/Device/CDCClassDevice.o
 .debug_line    0x00004b45      0x584 LUFA/Drivers/USB/Class/Device/HIDClassDevice.o
 .debug_line    0x000050c9      0x509 LUFA/Drivers/USB/Class/Device/MassStorageClassDevice.o
 .debug_line    0x000055d2      0x38b LUFA/Drivers/USB/Class/Device/MIDIClassDevice.o
 .debug_line    0x0000595d      0x711 LUFA/Drivers/USB/Class/Device/PrinterClassDevice.o
 .debug_line    0x0000606e      0x799 LUFA/Drivers/USB/Class/Device/RNDISClassDevice.o
 .debug_line    0x00006807       0x1a LUFA/Drivers/USB/Class/Host/AndroidAccessoryClassHost.o
 .debug_line    0x00006821       0x1a LUFA/Drivers/USB/Class/Host/AudioClassHost.o
 .debug_line    0x0000683b       0x1a LUFA/Drivers/USB/Class/Host/CDCClassHost.o
 .debug_line    0x00006855       0x1a LUFA/Drivers/USB/Class/Host/HIDClassHost.o
 .debug_line    0x0000686f       0x1a LUFA/Drivers/USB/Class/Host/MassStorageClassHost.o
 .debug_line    0x00006889       0x1a LUFA/Drivers/USB/Class/Host/MIDIClassHost.o
 .debug_line    0x000068a3       0x1a LUFA/Drivers/USB/Class/Host/PrinterClassHost.o
 .debug_line    0x000068bd       0x1a LUFA/Drivers/USB/Class/Host/RNDISClassHost.o
 .debug_line    0x000068d7       0x1a LUFA/Drivers/USB/Class/Host/StillImageClassHost.o
 .debug_line    0x000068f1      0x1a4 c:/program files (x86)/atmel/atmel toolchain/avr8 gcc/native/3.4.2.1002/avr8-gnu-toolchain/bin/../lib/gcc/avr/4.7.2/../../../../avr/lib/avr5\libc.a(snprintf.o)
 .debug_line    0x00006a95      0x359 c:/program files (x86)/atmel/atmel toolchain/avr8 gcc/native/3.4.2.1002/avr8-gnu-toolchain/bin/../lib/gcc/avr/4.7.2/../../../../avr/lib/avr5\libc.a(vfprintf_std.o)
 .debug_line    0x00006dee      0x104 c:/program files (x86)/atmel/atmel toolchain/avr8 gcc/native/3.4.2.1002/avr8-gnu-toolchain/bin/../lib/gcc/avr/4.7.2/../../../../avr/lib/avr5\libc.a(fputc.o)

.debug_frame    0x00000000     0x1098
 *(.debug_frame)
 .debug_frame   0x00000000       0x84 main.o
 .debug_frame   0x00000084       0x24 Descriptors.o
 .debug_frame   0x000000a8       0x50 sltwi.o
 .debug_frame   0x000000f8      0x114 LUFA/Drivers/USB/Class/Common/HIDParser.o
 .debug_frame   0x0000020c       0x24 LUFA/Drivers/USB/Core/AVR8/Device_AVR8.o
 .debug_frame   0x00000230      0x42c LUFA/Drivers/USB/Core/AVR8/EndpointStream_AVR8.o
 .debug_frame   0x0000065c       0x78 LUFA/Drivers/USB/Core/AVR8/Endpoint_AVR8.o
 .debug_frame   0x000006d4       0x58 LUFA/Drivers/USB/Core/AVR8/USBController_AVR8.o
 .debug_frame   0x0000072c       0xe8 LUFA/Drivers/USB/Core/AVR8/USBInterrupt_AVR8.o
 .debug_frame   0x00000814      0x108 LUFA/Drivers/USB/Core/ConfigDescriptors.o
 .debug_frame   0x0000091c       0x3c LUFA/Drivers/USB/Core/DeviceStandardReq.o
 .debug_frame   0x00000958       0x24 LUFA/Drivers/USB/Core/Events.o
 .debug_frame   0x0000097c       0x2c LUFA/Drivers/USB/Core/USBTask.o
 .debug_frame   0x000009a8       0xb0 LUFA/Drivers/USB/Class/Device/AudioClassDevice.o
 .debug_frame   0x00000a58      0x168 LUFA/Drivers/USB/Class/Device/CDCClassDevice.o
 .debug_frame   0x00000bc0       0xe8 LUFA/Drivers/USB/Class/Device/HIDClassDevice.o
 .debug_frame   0x00000ca8       0x80 LUFA/Drivers/USB/Class/Device/MassStorageClassDevice.o
 .debug_frame   0x00000d28       0x70 LUFA/Drivers/USB/Class/Device/MIDIClassDevice.o
 .debug_frame   0x00000d98      0x144 LUFA/Drivers/USB/Class/Device/PrinterClassDevice.o
 .debug_frame   0x00000edc      0x108 LUFA/Drivers/USB/Class/Device/RNDISClassDevice.o
 .debug_frame   0x00000fe4       0x30 c:/program files (x86)/atmel/atmel toolchain/avr8 gcc/native/3.4.2.1002/avr8-gnu-toolchain/bin/../lib/gcc/avr/4.7.2/../../../../avr/lib/avr5\libc.a(snprintf.o)
 .debug_frame   0x00001014       0x4c c:/program files (x86)/atmel/atmel toolchain/avr8 gcc/native/3.4.2.1002/avr8-gnu-toolchain/bin/../lib/gcc/avr/4.7.2/../../../../avr/lib/avr5\libc.a(vfprintf_std.o)
 .debug_frame   0x00001060       0x38 c:/program files (x86)/atmel/atmel toolchain/avr8 gcc/native/3.4.2.1002/avr8-gnu-toolchain/bin/../lib/gcc/avr/4.7.2/../../../../avr/lib/avr5\libc.a(fputc.o)

.debug_str      0x00000000     0x3e78
 *(.debug_str)
 .debug_str     0x00000000      0x456 main.o
                                0x4d1 (size before relaxing)
 .debug_str     0x00000456      0x94b Descriptors.o
                                0xaa7 (size before relaxing)
 .debug_str     0x00000da1       0x1c sltwi.o
                                0x141 (size before relaxing)
 .debug_str     0x00000dbd      0x48f LUFA/Drivers/USB/Class/Common/HIDParser.o
                                0x617 (size before relaxing)
 .debug_str     0x0000124c       0x71 LUFA/Drivers/USB/Core/AVR8/Device_AVR8.o
                                0x153 (size before relaxing)
 .debug_str     0x000012bd      0x678 LUFA/Drivers/USB/Core/AVR8/EndpointStream_AVR8.o
                                0x7a6 (size before relaxing)
 .debug_str     0x00001935      0x2d0 LUFA/Drivers/USB/Core/AVR8/Endpoint_AVR8.o
                                0x565 (size before relaxing)
 .debug_str     0x00001c05       0x27 LUFA/Drivers/USB/Core/AVR8/Host_AVR8.o
                                 0xf2 (size before relaxing)
 .debug_str     0x00001c2c       0x2d LUFA/Drivers/USB/Core/AVR8/PipeStream_AVR8.o
                                 0xf8 (size before relaxing)
 .debug_str     0x00001c59       0x27 LUFA/Drivers/USB/Core/AVR8/Pipe_AVR8.o
                                 0xf2 (size before relaxing)
 .debug_str     0x00001c80      0x276 LUFA/Drivers/USB/Core/AVR8/USBController_AVR8.o
                                0x4a4 (size before relaxing)
 .debug_str     0x00001ef6      0x16f LUFA/Drivers/USB/Core/AVR8/USBInterrupt_AVR8.o
                                0x523 (size before relaxing)
 .debug_str     0x00002065      0x221 LUFA/Drivers/USB/Core/ConfigDescriptors.o
                                0x33b (size before relaxing)
 .debug_str     0x00002286      0x3fb LUFA/Drivers/USB/Core/DeviceStandardReq.o
                                0x917 (size before relaxing)
 .debug_str     0x00002681       0x2e LUFA/Drivers/USB/Core/Events.o
                                 0xf9 (size before relaxing)
 .debug_str     0x000026af       0x28 LUFA/Drivers/USB/Core/HostStandardReq.o
                                 0xf3 (size before relaxing)
 .debug_str     0x000026d7       0x3c LUFA/Drivers/USB/Core/USBTask.o
                                0x2ca (size before relaxing)
 .debug_str     0x00002713      0x27d LUFA/Drivers/USB/Class/Device/AudioClassDevice.o
                                0x5ff (size before relaxing)
 .debug_str     0x00002990      0x27c LUFA/Drivers/USB/Class/Device/CDCClassDevice.o
                                0x954 (size before relaxing)
 .debug_str     0x00002c0c      0x245 LUFA/Drivers/USB/Class/Device/HIDClassDevice.o
                                0x651 (size before relaxing)
 .debug_str     0x00002e51      0x25e LUFA/Drivers/USB/Class/Device/MassStorageClassDevice.o
                                0x74b (size before relaxing)
 .debug_str     0x000030af      0x112 LUFA/Drivers/USB/Class/Device/MIDIClassDevice.o
                                0x5c0 (size before relaxing)
 .debug_str     0x000031c1      0x266 LUFA/Drivers/USB/Class/Device/PrinterClassDevice.o
                                0x889 (size before relaxing)
 .debug_str     0x00003427      0x6eb LUFA/Drivers/USB/Class/Device/RNDISClassDevice.o
                                0xcb2 (size before relaxing)
 .debug_str     0x00003b12       0x38 LUFA/Drivers/USB/Class/Host/AndroidAccessoryClassHost.o
                                0x103 (size before relaxing)
 .debug_str     0x00003b4a       0x2d LUFA/Drivers/USB/Class/Host/AudioClassHost.o
                                 0xf8 (size before relaxing)
 .debug_str     0x00003b77       0x2b LUFA/Drivers/USB/Class/Host/CDCClassHost.o
                                 0xf6 (size before relaxing)
 .debug_str     0x00003ba2       0x2b LUFA/Drivers/USB/Class/Host/HIDClassHost.o
                                 0xf6 (size before relaxing)
 .debug_str     0x00003bcd       0x33 LUFA/Drivers/USB/Class/Host/MassStorageClassHost.o
                                 0xfe (size before relaxing)
 .debug_str     0x00003c00       0x2c LUFA/Drivers/USB/Class/Host/MIDIClassHost.o
                                 0xf7 (size before relaxing)
 .debug_str     0x00003c2c       0x2f LUFA/Drivers/USB/Class/Host/PrinterClassHost.o
                                 0xfa (size before relaxing)
 .debug_str     0x00003c5b       0x2d LUFA/Drivers/USB/Class/Host/RNDISClassHost.o
                                 0xf8 (size before relaxing)
 .debug_str     0x00003c88       0x32 LUFA/Drivers/USB/Class/Host/StillImageClassHost.o
                                 0xfd (size before relaxing)
 .debug_str     0x00003cba       0x8f c:/program files (x86)/atmel/atmel toolchain/avr8 gcc/native/3.4.2.1002/avr8-gnu-toolchain/bin/../lib/gcc/avr/4.7.2/../../../../avr/lib/avr5\libc.a(snprintf.o)
                                0x145 (size before relaxing)
 .debug_str     0x00003d49       0xcd c:/program files (x86)/atmel/atmel toolchain/avr8 gcc/native/3.4.2.1002/avr8-gnu-toolchain/bin/../lib/gcc/avr/4.7.2/../../../../avr/lib/avr5\libc.a(vfprintf_std.o)
                                0x1ad (size before relaxing)
 .debug_str     0x00003e16       0x62 c:/program files (x86)/atmel/atmel toolchain/avr8 gcc/native/3.4.2.1002/avr8-gnu-toolchain/bin/../lib/gcc/avr/4.7.2/../../../../avr/lib/avr5\libc.a(fputc.o)
                                0x10d (size before relaxing)

.debug_loc      0x00000000     0x6f95
 *(.debug_loc)
 .debug_loc     0x00000000      0x132 main.o
 .debug_loc     0x00000132      0x1f0 Descriptors.o
 .debug_loc     0x00000322      0x1b4 sltwi.o
 .debug_loc     0x000004d6      0x928 LUFA/Drivers/USB/Class/Common/HIDParser.o
 .debug_loc     0x00000dfe     0x1f31 LUFA/Drivers/USB/Core/AVR8/EndpointStream_AVR8.o
 .debug_loc     0x00002d2f      0x3f7 LUFA/Drivers/USB/Core/AVR8/Endpoint_AVR8.o
 .debug_loc     0x00003126       0x49 LUFA/Drivers/USB/Core/AVR8/USBController_AVR8.o
 .debug_loc     0x0000316f      0x346 LUFA/Drivers/USB/Core/AVR8/USBInterrupt_AVR8.o
 .debug_loc     0x000034b5      0x5bd LUFA/Drivers/USB/Core/ConfigDescriptors.o
 .debug_loc     0x00003a72      0x284 LUFA/Drivers/USB/Core/DeviceStandardReq.o
 .debug_loc     0x00003cf6       0x49 LUFA/Drivers/USB/Core/USBTask.o
 .debug_loc     0x00003d3f      0x3c6 LUFA/Drivers/USB/Class/Device/AudioClassDevice.o
 .debug_loc     0x00004105      0x8c7 LUFA/Drivers/USB/Class/Device/CDCClassDevice.o
 .debug_loc     0x000049cc      0x491 LUFA/Drivers/USB/Class/Device/HIDClassDevice.o
 .debug_loc     0x00004e5d      0x29f LUFA/Drivers/USB/Class/Device/MassStorageClassDevice.o
 .debug_loc     0x000050fc      0x2c4 LUFA/Drivers/USB/Class/Device/MIDIClassDevice.o
 .debug_loc     0x000053c0      0x88a LUFA/Drivers/USB/Class/Device/PrinterClassDevice.o
 .debug_loc     0x00005c4a      0xcc7 LUFA/Drivers/USB/Class/Device/RNDISClassDevice.o
 .debug_loc     0x00006911       0x74 c:/program files (x86)/atmel/atmel toolchain/avr8 gcc/native/3.4.2.1002/avr8-gnu-toolchain/bin/../lib/gcc/avr/4.7.2/../../../../avr/lib/avr5\libc.a(snprintf.o)
 .debug_loc     0x00006985      0x51d c:/program files (x86)/atmel/atmel toolchain/avr8 gcc/native/3.4.2.1002/avr8-gnu-toolchain/bin/../lib/gcc/avr/4.7.2/../../../../avr/lib/avr5\libc.a(vfprintf_std.o)
 .debug_loc     0x00006ea2       0xf3 c:/program files (x86)/atmel/atmel toolchain/avr8 gcc/native/3.4.2.1002/avr8-gnu-toolchain/bin/../lib/gcc/avr/4.7.2/../../../../avr/lib/avr5\libc.a(fputc.o)

.debug_macinfo
 *(.debug_macinfo)

.debug_pubtypes
 *(.debug_pubtypes)

.debug_ranges   0x00000000      0x7f8
 *(.debug_ranges)
 .debug_ranges  0x00000000       0x50 main.o
 .debug_ranges  0x00000050       0x10 Descriptors.o
 .debug_ranges  0x00000060       0x20 sltwi.o
 .debug_ranges  0x00000080       0xc8 LUFA/Drivers/USB/Class/Common/HIDParser.o
 .debug_ranges  0x00000148       0x10 LUFA/Drivers/USB/Core/AVR8/Device_AVR8.o
 .debug_ranges  0x00000158      0x2c8 LUFA/Drivers/USB/Core/AVR8/EndpointStream_AVR8.o
 .debug_ranges  0x00000420       0x98 LUFA/Drivers/USB/Core/AVR8/Endpoint_AVR8.o
 .debug_ranges  0x000004b8       0x20 LUFA/Drivers/USB/Core/AVR8/USBController_AVR8.o
 .debug_ranges  0x000004d8       0x28 LUFA/Drivers/USB/Core/AVR8/USBInterrupt_AVR8.o
 .debug_ranges  0x00000500       0x30 LUFA/Drivers/USB/Core/ConfigDescriptors.o
 .debug_ranges  0x00000530       0x28 LUFA/Drivers/USB/Core/DeviceStandardReq.o
 .debug_ranges  0x00000558       0x10 LUFA/Drivers/USB/Core/Events.o
 .debug_ranges  0x00000568       0x10 LUFA/Drivers/USB/Core/USBTask.o
 .debug_ranges  0x00000578       0x20 LUFA/Drivers/USB/Class/Device/AudioClassDevice.o
 .debug_ranges  0x00000598       0x88 LUFA/Drivers/USB/Class/Device/CDCClassDevice.o
 .debug_ranges  0x00000620       0x20 LUFA/Drivers/USB/Class/Device/HIDClassDevice.o
 .debug_ranges  0x00000640       0x38 LUFA/Drivers/USB/Class/Device/MassStorageClassDevice.o
 .debug_ranges  0x00000678       0x30 LUFA/Drivers/USB/Class/Device/MIDIClassDevice.o
 .debug_ranges  0x000006a8       0x80 LUFA/Drivers/USB/Class/Device/PrinterClassDevice.o
 .debug_ranges  0x00000728       0xa0 LUFA/Drivers/USB/Class/Device/RNDISClassDevice.o
 .debug_ranges  0x000007c8       0x10 c:/program files (x86)/atmel/atmel toolchain/avr8 gcc/native/3.4.2.1002/avr8-gnu-toolchain/bin/../lib/gcc/avr/4.7.2/../../../../avr/lib/avr5\libc.a(snprintf.o)
 .debug_ranges  0x000007d8       0x10 c:/program files (x86)/atmel/atmel toolchain/avr8 gcc/native/3.4.2.1002/avr8-gnu-toolchain/bin/../lib/gcc/avr/4.7.2/../../../../avr/lib/avr5\libc.a(vfprintf_std.o)
 .debug_ranges  0x000007e8       0x10 c:/program files (x86)/atmel/atmel toolchain/avr8 gcc/native/3.4.2.1002/avr8-gnu-toolchain/bin/../lib/gcc/avr/4.7.2/../../../../avr/lib/avr5\libc.a(fputc.o)

.debug_macro
 *(.debug_macro)
OUTPUT(LUFA_CDC.elf elf32-avr)
LOAD linker stubs

Cross Reference Table

Symbol                                            File
Audio_Device_ConfigureEndpoints                   LUFA/Drivers/USB/Class/Device/AudioClassDevice.o
Audio_Device_Event_Stub                           LUFA/Drivers/USB/Class/Device/AudioClassDevice.o
Audio_Device_ProcessControlRequest                LUFA/Drivers/USB/Class/Device/AudioClassDevice.o
CALLBACK_Audio_Device_GetSetEndpointProperty      LUFA/Drivers/USB/Class/Device/AudioClassDevice.o
CALLBACK_Audio_Device_GetSetInterfaceProperty     LUFA/Drivers/USB/Class/Device/AudioClassDevice.o
CALLBACK_HIDParser_FilterHIDReportItem            LUFA/Drivers/USB/Class/Common/HIDParser.o
CALLBACK_HID_Device_CreateHIDReport               LUFA/Drivers/USB/Class/Device/HIDClassDevice.o
CALLBACK_HID_Device_ProcessHIDReport              LUFA/Drivers/USB/Class/Device/HIDClassDevice.o
CALLBACK_MS_Device_SCSICommandReceived            LUFA/Drivers/USB/Class/Device/MassStorageClassDevice.o
CALLBACK_USB_GetDescriptor                        Descriptors.o
                                                  LUFA/Drivers/USB/Core/DeviceStandardReq.o
CDC_Device_BytesReceived                          LUFA/Drivers/USB/Class/Device/CDCClassDevice.o
                                                  main.o
CDC_Device_ConfigureEndpoints                     LUFA/Drivers/USB/Class/Device/CDCClassDevice.o
                                                  main.o
CDC_Device_CreateBlockingStream                   LUFA/Drivers/USB/Class/Device/CDCClassDevice.o
CDC_Device_CreateStream                           LUFA/Drivers/USB/Class/Device/CDCClassDevice.o
CDC_Device_Event_Stub                             LUFA/Drivers/USB/Class/Device/CDCClassDevice.o
CDC_Device_Flush                                  LUFA/Drivers/USB/Class/Device/CDCClassDevice.o
CDC_Device_ProcessControlRequest                  LUFA/Drivers/USB/Class/Device/CDCClassDevice.o
                                                  main.o
CDC_Device_ReceiveByte                            LUFA/Drivers/USB/Class/Device/CDCClassDevice.o
                                                  main.o
CDC_Device_SendByte                               LUFA/Drivers/USB/Class/Device/CDCClassDevice.o
CDC_Device_SendControlLineStateChange             LUFA/Drivers/USB/Class/Device/CDCClassDevice.o
CDC_Device_SendData                               LUFA/Drivers/USB/Class/Device/CDCClassDevice.o
                                                  main.o
CDC_Device_SendString                             LUFA/Drivers/USB/Class/Device/CDCClassDevice.o
CDC_Device_USBTask                                LUFA/Drivers/USB/Class/Device/CDCClassDevice.o
                                                  main.o
ConfigurationDescriptor                           Descriptors.o
DeviceDescriptor                                  Descriptors.o
EVENT_Audio_Device_StreamStartStop                LUFA/Drivers/USB/Class/Device/AudioClassDevice.o
EVENT_CDC_Device_BreakSent                        LUFA/Drivers/USB/Class/Device/CDCClassDevice.o
EVENT_CDC_Device_ControLineStateChanged           LUFA/Drivers/USB/Class/Device/CDCClassDevice.o
EVENT_CDC_Device_LineEncodingChanged              LUFA/Drivers/USB/Class/Device/CDCClassDevice.o
EVENT_PRNT_Device_SoftReset                       LUFA/Drivers/USB/Class/Device/PrinterClassDevice.o
EVENT_USB_Device_ConfigurationChanged             main.o
                                                  LUFA/Drivers/USB/Core/DeviceStandardReq.o
EVENT_USB_Device_Connect                          main.o
                                                  LUFA/Drivers/USB/Core/AVR8/USBInterrupt_AVR8.o
EVENT_USB_Device_ControlRequest                   main.o
                                                  LUFA/Drivers/USB/Core/DeviceStandardReq.o
EVENT_USB_Device_Disconnect                       main.o
                                                  LUFA/Drivers/USB/Core/AVR8/USBInterrupt_AVR8.o
EVENT_USB_Device_Reset                            LUFA/Drivers/USB/Core/Events.o
                                                  LUFA/Drivers/USB/Core/AVR8/USBInterrupt_AVR8.o
EVENT_USB_Device_StartOfFrame                     LUFA/Drivers/USB/Core/Events.o
                                                  LUFA/Drivers/USB/Core/AVR8/USBInterrupt_AVR8.o
EVENT_USB_Device_Suspend                          LUFA/Drivers/USB/Core/Events.o
                                                  LUFA/Drivers/USB/Core/AVR8/USBInterrupt_AVR8.o
EVENT_USB_Device_WakeUp                           LUFA/Drivers/USB/Core/Events.o
                                                  LUFA/Drivers/USB/Core/AVR8/USBInterrupt_AVR8.o
Endpoint_ClearEndpoints                           LUFA/Drivers/USB/Core/AVR8/Endpoint_AVR8.o
Endpoint_ClearStatusStage                         LUFA/Drivers/USB/Core/AVR8/Endpoint_AVR8.o
                                                  LUFA/Drivers/USB/Class/Device/PrinterClassDevice.o
                                                  LUFA/Drivers/USB/Class/Device/MassStorageClassDevice.o
                                                  LUFA/Drivers/USB/Class/Device/HIDClassDevice.o
                                                  LUFA/Drivers/USB/Class/Device/CDCClassDevice.o
                                                  LUFA/Drivers/USB/Class/Device/AudioClassDevice.o
                                                  LUFA/Drivers/USB/Core/DeviceStandardReq.o
Endpoint_ConfigureEndpointTable                   LUFA/Drivers/USB/Core/AVR8/Endpoint_AVR8.o
                                                  LUFA/Drivers/USB/Class/Device/RNDISClassDevice.o
                                                  LUFA/Drivers/USB/Class/Device/PrinterClassDevice.o
                                                  LUFA/Drivers/USB/Class/Device/MIDIClassDevice.o
                                                  LUFA/Drivers/USB/Class/Device/MassStorageClassDevice.o
                                                  LUFA/Drivers/USB/Class/Device/HIDClassDevice.o
                                                  LUFA/Drivers/USB/Class/Device/CDCClassDevice.o
                                                  LUFA/Drivers/USB/Class/Device/AudioClassDevice.o
Endpoint_ConfigureEndpoint_Prv                    LUFA/Drivers/USB/Core/AVR8/Endpoint_AVR8.o
                                                  LUFA/Drivers/USB/Core/AVR8/USBInterrupt_AVR8.o
                                                  LUFA/Drivers/USB/Core/AVR8/USBController_AVR8.o
Endpoint_Discard_Stream                           LUFA/Drivers/USB/Core/AVR8/EndpointStream_AVR8.o
Endpoint_Null_Stream                              LUFA/Drivers/USB/Core/AVR8/EndpointStream_AVR8.o
Endpoint_Read_Control_EStream_BE                  LUFA/Drivers/USB/Core/AVR8/EndpointStream_AVR8.o
Endpoint_Read_Control_EStream_LE                  LUFA/Drivers/USB/Core/AVR8/EndpointStream_AVR8.o
Endpoint_Read_Control_Stream_BE                   LUFA/Drivers/USB/Core/AVR8/EndpointStream_AVR8.o
Endpoint_Read_Control_Stream_LE                   LUFA/Drivers/USB/Core/AVR8/EndpointStream_AVR8.o
                                                  LUFA/Drivers/USB/Class/Device/RNDISClassDevice.o
                                                  LUFA/Drivers/USB/Class/Device/HIDClassDevice.o
                                                  LUFA/Drivers/USB/Class/Device/AudioClassDevice.o
Endpoint_Read_EStream_BE                          LUFA/Drivers/USB/Core/AVR8/EndpointStream_AVR8.o
Endpoint_Read_EStream_LE                          LUFA/Drivers/USB/Core/AVR8/EndpointStream_AVR8.o
Endpoint_Read_Stream_BE                           LUFA/Drivers/USB/Core/AVR8/EndpointStream_AVR8.o
Endpoint_Read_Stream_LE                           LUFA/Drivers/USB/Core/AVR8/EndpointStream_AVR8.o
                                                  LUFA/Drivers/USB/Class/Device/RNDISClassDevice.o
                                                  LUFA/Drivers/USB/Class/Device/MIDIClassDevice.o
                                                  LUFA/Drivers/USB/Class/Device/MassStorageClassDevice.o
Endpoint_WaitUntilReady                           LUFA/Drivers/USB/Core/AVR8/Endpoint_AVR8.o
                                                  LUFA/Drivers/USB/Class/Device/RNDISClassDevice.o
                                                  LUFA/Drivers/USB/Class/Device/PrinterClassDevice.o
                                                  LUFA/Drivers/USB/Class/Device/MIDIClassDevice.o
                                                  LUFA/Drivers/USB/Class/Device/CDCClassDevice.o
                                                  LUFA/Drivers/USB/Core/AVR8/EndpointStream_AVR8.o
Endpoint_Write_Control_EStream_BE                 LUFA/Drivers/USB/Core/AVR8/EndpointStream_AVR8.o
Endpoint_Write_Control_EStream_LE                 LUFA/Drivers/USB/Core/AVR8/EndpointStream_AVR8.o
Endpoint_Write_Control_PStream_BE                 LUFA/Drivers/USB/Core/AVR8/EndpointStream_AVR8.o
Endpoint_Write_Control_PStream_LE                 LUFA/Drivers/USB/Core/AVR8/EndpointStream_AVR8.o
                                                  LUFA/Drivers/USB/Core/DeviceStandardReq.o
Endpoint_Write_Control_Stream_BE                  LUFA/Drivers/USB/Core/AVR8/EndpointStream_AVR8.o
Endpoint_Write_Control_Stream_LE                  LUFA/Drivers/USB/Core/AVR8/EndpointStream_AVR8.o
                                                  LUFA/Drivers/USB/Class/Device/RNDISClassDevice.o
                                                  LUFA/Drivers/USB/Class/Device/PrinterClassDevice.o
                                                  LUFA/Drivers/USB/Class/Device/HIDClassDevice.o
                                                  LUFA/Drivers/USB/Class/Device/AudioClassDevice.o
                                                  LUFA/Drivers/USB/Core/DeviceStandardReq.o
Endpoint_Write_EStream_BE                         LUFA/Drivers/USB/Core/AVR8/EndpointStream_AVR8.o
Endpoint_Write_EStream_LE                         LUFA/Drivers/USB/Core/AVR8/EndpointStream_AVR8.o
Endpoint_Write_PStream_BE                         LUFA/Drivers/USB/Core/AVR8/EndpointStream_AVR8.o
Endpoint_Write_PStream_LE                         LUFA/Drivers/USB/Core/AVR8/EndpointStream_AVR8.o
Endpoint_Write_Stream_BE                          LUFA/Drivers/USB/Core/AVR8/EndpointStream_AVR8.o
Endpoint_Write_Stream_LE                          LUFA/Drivers/USB/Core/AVR8/EndpointStream_AVR8.o
                                                  LUFA/Drivers/USB/Class/Device/RNDISClassDevice.o
                                                  LUFA/Drivers/USB/Class/Device/PrinterClassDevice.o
                                                  LUFA/Drivers/USB/Class/Device/MIDIClassDevice.o
                                                  LUFA/Drivers/USB/Class/Device/MassStorageClassDevice.o
                                                  LUFA/Drivers/USB/Class/Device/HIDClassDevice.o
                                                  LUFA/Drivers/USB/Class/Device/CDCClassDevice.o
HID_Device_ConfigureEndpoints                     LUFA/Drivers/USB/Class/Device/HIDClassDevice.o
HID_Device_ProcessControlRequest                  LUFA/Drivers/USB/Class/Device/HIDClassDevice.o
HID_Device_USBTask                                LUFA/Drivers/USB/Class/Device/HIDClassDevice.o
LanguageString                                    Descriptors.o
MIDI_Device_ConfigureEndpoints                    LUFA/Drivers/USB/Class/Device/MIDIClassDevice.o
MIDI_Device_Flush                                 LUFA/Drivers/USB/Class/Device/MIDIClassDevice.o
MIDI_Device_ReceiveEventPacket                    LUFA/Drivers/USB/Class/Device/MIDIClassDevice.o
MIDI_Device_SendEventPacket                       LUFA/Drivers/USB/Class/Device/MIDIClassDevice.o
MIDI_Device_USBTask                               LUFA/Drivers/USB/Class/Device/MIDIClassDevice.o
MS_Device_ConfigureEndpoints                      LUFA/Drivers/USB/Class/Device/MassStorageClassDevice.o
MS_Device_ProcessControlRequest                   LUFA/Drivers/USB/Class/Device/MassStorageClassDevice.o
MS_Device_USBTask                                 LUFA/Drivers/USB/Class/Device/MassStorageClassDevice.o
ManufacturerString                                Descriptors.o
PRNT_Device_BytesReceived                         LUFA/Drivers/USB/Class/Device/PrinterClassDevice.o
PRNT_Device_ConfigureEndpoints                    LUFA/Drivers/USB/Class/Device/PrinterClassDevice.o
PRNT_Device_CreateBlockingStream                  LUFA/Drivers/USB/Class/Device/PrinterClassDevice.o
PRNT_Device_CreateStream                          LUFA/Drivers/USB/Class/Device/PrinterClassDevice.o
PRNT_Device_Event_Stub                            LUFA/Drivers/USB/Class/Device/PrinterClassDevice.o
PRNT_Device_Flush                                 LUFA/Drivers/USB/Class/Device/PrinterClassDevice.o
PRNT_Device_ProcessControlRequest                 LUFA/Drivers/USB/Class/Device/PrinterClassDevice.o
PRNT_Device_ReceiveByte                           LUFA/Drivers/USB/Class/Device/PrinterClassDevice.o
PRNT_Device_SendByte                              LUFA/Drivers/USB/Class/Device/PrinterClassDevice.o
PRNT_Device_SendData                              LUFA/Drivers/USB/Class/Device/PrinterClassDevice.o
PRNT_Device_SendString                            LUFA/Drivers/USB/Class/Device/PrinterClassDevice.o
PRNT_Device_USBTask                               LUFA/Drivers/USB/Class/Device/PrinterClassDevice.o
ProductString                                     Descriptors.o
RNDIS_Device_ConfigureEndpoints                   LUFA/Drivers/USB/Class/Device/RNDISClassDevice.o
RNDIS_Device_IsPacketReceived                     LUFA/Drivers/USB/Class/Device/RNDISClassDevice.o
RNDIS_Device_ProcessControlRequest                LUFA/Drivers/USB/Class/Device/RNDISClassDevice.o
RNDIS_Device_ReadPacket                           LUFA/Drivers/USB/Class/Device/RNDISClassDevice.o
RNDIS_Device_SendPacket                           LUFA/Drivers/USB/Class/Device/RNDISClassDevice.o
RNDIS_Device_USBTask                              LUFA/Drivers/USB/Class/Device/RNDISClassDevice.o
SetupHardware                                     main.o
USB_ControlRequest                                LUFA/Drivers/USB/Class/Device/RNDISClassDevice.o
                                                  LUFA/Drivers/USB/Class/Device/PrinterClassDevice.o
                                                  LUFA/Drivers/USB/Class/Device/MassStorageClassDevice.o
                                                  LUFA/Drivers/USB/Class/Device/HIDClassDevice.o
                                                  LUFA/Drivers/USB/Class/Device/CDCClassDevice.o
                                                  LUFA/Drivers/USB/Class/Device/AudioClassDevice.o
                                                  LUFA/Drivers/USB/Core/USBTask.o
                                                  LUFA/Drivers/USB/Core/DeviceStandardReq.o
                                                  LUFA/Drivers/USB/Core/AVR8/Endpoint_AVR8.o
                                                  LUFA/Drivers/USB/Core/AVR8/EndpointStream_AVR8.o
USB_Device_ConfigurationNumber                    LUFA/Drivers/USB/Core/DeviceStandardReq.o
                                                  LUFA/Drivers/USB/Core/AVR8/USBInterrupt_AVR8.o
                                                  LUFA/Drivers/USB/Core/AVR8/USBController_AVR8.o
USB_Device_CurrentlySelfPowered                   LUFA/Drivers/USB/Core/DeviceStandardReq.o
                                                  LUFA/Drivers/USB/Core/AVR8/USBController_AVR8.o
USB_Device_ProcessControlRequest                  LUFA/Drivers/USB/Core/DeviceStandardReq.o
                                                  LUFA/Drivers/USB/Core/USBTask.o
                                                  LUFA/Drivers/USB/Core/AVR8/USBInterrupt_AVR8.o
USB_Device_RemoteWakeupEnabled                    LUFA/Drivers/USB/Core/DeviceStandardReq.o
                                                  LUFA/Drivers/USB/Core/AVR8/USBController_AVR8.o
USB_Device_SendRemoteWakeup                       LUFA/Drivers/USB/Core/AVR8/Device_AVR8.o
USB_Disable                                       LUFA/Drivers/USB/Core/AVR8/USBController_AVR8.o
USB_Event_Stub                                    LUFA/Drivers/USB/Core/Events.o
USB_GetHIDReportItemInfo                          LUFA/Drivers/USB/Class/Common/HIDParser.o
USB_GetHIDReportSize                              LUFA/Drivers/USB/Class/Common/HIDParser.o
USB_GetNextDescriptorComp                         LUFA/Drivers/USB/Core/ConfigDescriptors.o
USB_GetNextDescriptorOfType                       LUFA/Drivers/USB/Core/ConfigDescriptors.o
USB_GetNextDescriptorOfTypeAfter                  LUFA/Drivers/USB/Core/ConfigDescriptors.o
USB_GetNextDescriptorOfTypeBefore                 LUFA/Drivers/USB/Core/ConfigDescriptors.o
USB_INT_ClearAllInterrupts                        LUFA/Drivers/USB/Core/AVR8/USBInterrupt_AVR8.o
                                                  LUFA/Drivers/USB/Core/AVR8/USBController_AVR8.o
USB_INT_DisableAllInterrupts                      LUFA/Drivers/USB/Core/AVR8/USBInterrupt_AVR8.o
                                                  LUFA/Drivers/USB/Core/AVR8/USBController_AVR8.o
USB_Init                                          LUFA/Drivers/USB/Core/AVR8/USBController_AVR8.o
                                                  main.o
USB_IsInitialized                                 LUFA/Drivers/USB/Core/USBTask.o
                                                  LUFA/Drivers/USB/Core/AVR8/USBController_AVR8.o
USB_ProcessHIDReport                              LUFA/Drivers/USB/Class/Common/HIDParser.o
USB_ResetInterface                                LUFA/Drivers/USB/Core/AVR8/USBController_AVR8.o
USB_SetHIDReportItemInfo                          LUFA/Drivers/USB/Class/Common/HIDParser.o
USB_USBTask                                       LUFA/Drivers/USB/Core/USBTask.o
                                                  LUFA/Drivers/USB/Class/Device/PrinterClassDevice.o
                                                  LUFA/Drivers/USB/Class/Device/CDCClassDevice.o
                                                  main.o
VirtualSerial_CDC_Interface                       main.o
__bad_interrupt                                   c:/program files (x86)/atmel/atmel toolchain/avr8 gcc/native/3.4.2.1002/avr8-gnu-toolchain/bin/../lib/gcc/avr/4.7.2/../../../../avr/lib/avr5/crtm32u4.o
__bss_end                                         c:/program files (x86)/atmel/atmel toolchain/avr8 gcc/native/3.4.2.1002/avr8-gnu-toolchain/bin/../lib/gcc/avr/4.7.2/avr5\libgcc.a(_clear_bss.o)
__bss_start                                       c:/program files (x86)/atmel/atmel toolchain/avr8 gcc/native/3.4.2.1002/avr8-gnu-toolchain/bin/../lib/gcc/avr/4.7.2/avr5\libgcc.a(_clear_bss.o)
__data_end                                        c:/program files (x86)/atmel/atmel toolchain/avr8 gcc/native/3.4.2.1002/avr8-gnu-toolchain/bin/../lib/gcc/avr/4.7.2/avr5\libgcc.a(_copy_data.o)
__data_load_start                                 c:/program files (x86)/atmel/atmel toolchain/avr8 gcc/native/3.4.2.1002/avr8-gnu-toolchain/bin/../lib/gcc/avr/4.7.2/avr5\libgcc.a(_copy_data.o)
__data_start                                      c:/program files (x86)/atmel/atmel toolchain/avr8 gcc/native/3.4.2.1002/avr8-gnu-toolchain/bin/../lib/gcc/avr/4.7.2/avr5\libgcc.a(_copy_data.o)
__do_clear_bss                                    c:/program files (x86)/atmel/atmel toolchain/avr8 gcc/native/3.4.2.1002/avr8-gnu-toolchain/bin/../lib/gcc/avr/4.7.2/avr5\libgcc.a(_clear_bss.o)
                                                  LUFA/Drivers/USB/Core/USBTask.o
                                                  LUFA/Drivers/USB/Core/DeviceStandardReq.o
__do_copy_data                                    c:/program files (x86)/atmel/atmel toolchain/avr8 gcc/native/3.4.2.1002/avr8-gnu-toolchain/bin/../lib/gcc/avr/4.7.2/avr5\libgcc.a(_copy_data.o)
                                                  LUFA/Drivers/USB/Class/Device/RNDISClassDevice.o
                                                  LUFA/Drivers/USB/Class/Device/CDCClassDevice.o
                                                  main.o
__eerd_byte_m32u4                                 c:/program files (x86)/atmel/atmel toolchain/avr8 gcc/native/3.4.2.1002/avr8-gnu-toolchain/bin/../lib/gcc/avr/4.7.2/../../../../avr/lib/avr5\libc.a(eerd_byte_atmega32u4.o)
                                                  LUFA/Drivers/USB/Core/AVR8/EndpointStream_AVR8.o
__eeupd_byte_m32u4                                c:/program files (x86)/atmel/atmel toolchain/avr8 gcc/native/3.4.2.1002/avr8-gnu-toolchain/bin/../lib/gcc/avr/4.7.2/../../../../avr/lib/avr5\libc.a(eeupd_byte_atmega32u4.o)
                                                  LUFA/Drivers/USB/Core/AVR8/EndpointStream_AVR8.o
__eeupd_r18_m32u4                                 c:/program files (x86)/atmel/atmel toolchain/avr8 gcc/native/3.4.2.1002/avr8-gnu-toolchain/bin/../lib/gcc/avr/4.7.2/../../../../avr/lib/avr5\libc.a(eeupd_byte_atmega32u4.o)
__epilogue_restores__                             c:/program files (x86)/atmel/atmel toolchain/avr8 gcc/native/3.4.2.1002/avr8-gnu-toolchain/bin/../lib/gcc/avr/4.7.2/avr5\libgcc.a(_epilogue.o)
                                                  c:/program files (x86)/atmel/atmel toolchain/avr8 gcc/native/3.4.2.1002/avr8-gnu-toolchain/bin/../lib/gcc/avr/4.7.2/../../../../avr/lib/avr5\libc.a(vfprintf_std.o)
                                                  c:/program files (x86)/atmel/atmel toolchain/avr8 gcc/native/3.4.2.1002/avr8-gnu-toolchain/bin/../lib/gcc/avr/4.7.2/../../../../avr/lib/avr5\libc.a(snprintf.o)
__heap_end                                        c:/program files (x86)/atmel/atmel toolchain/avr8 gcc/native/3.4.2.1002/avr8-gnu-toolchain/bin/../lib/gcc/avr/4.7.2/../../../../avr/lib/avr5/crtm32u4.o
__init                                            c:/program files (x86)/atmel/atmel toolchain/avr8 gcc/native/3.4.2.1002/avr8-gnu-toolchain/bin/../lib/gcc/avr/4.7.2/../../../../avr/lib/avr5/crtm32u4.o
__prologue_saves__                                c:/program files (x86)/atmel/atmel toolchain/avr8 gcc/native/3.4.2.1002/avr8-gnu-toolchain/bin/../lib/gcc/avr/4.7.2/avr5\libgcc.a(_prologue.o)
                                                  c:/program files (x86)/atmel/atmel toolchain/avr8 gcc/native/3.4.2.1002/avr8-gnu-toolchain/bin/../lib/gcc/avr/4.7.2/../../../../avr/lib/avr5\libc.a(vfprintf_std.o)
                                                  c:/program files (x86)/atmel/atmel toolchain/avr8 gcc/native/3.4.2.1002/avr8-gnu-toolchain/bin/../lib/gcc/avr/4.7.2/../../../../avr/lib/avr5\libc.a(snprintf.o)
__stack                                           c:/program files (x86)/atmel/atmel toolchain/avr8 gcc/native/3.4.2.1002/avr8-gnu-toolchain/bin/../lib/gcc/avr/4.7.2/../../../../avr/lib/avr5/crtm32u4.o
__ultoa_invert                                    c:/program files (x86)/atmel/atmel toolchain/avr8 gcc/native/3.4.2.1002/avr8-gnu-toolchain/bin/../lib/gcc/avr/4.7.2/../../../../avr/lib/avr5\libc.a(ultoa_invert.o)
                                                  c:/program files (x86)/atmel/atmel toolchain/avr8 gcc/native/3.4.2.1002/avr8-gnu-toolchain/bin/../lib/gcc/avr/4.7.2/../../../../avr/lib/avr5\libc.a(vfprintf_std.o)
__vector_1                                        c:/program files (x86)/atmel/atmel toolchain/avr8 gcc/native/3.4.2.1002/avr8-gnu-toolchain/bin/../lib/gcc/avr/4.7.2/../../../../avr/lib/avr5/crtm32u4.o
__vector_10                                       LUFA/Drivers/USB/Core/AVR8/USBInterrupt_AVR8.o
                                                  c:/program files (x86)/atmel/atmel toolchain/avr8 gcc/native/3.4.2.1002/avr8-gnu-toolchain/bin/../lib/gcc/avr/4.7.2/../../../../avr/lib/avr5/crtm32u4.o
__vector_11                                       LUFA/Drivers/USB/Core/AVR8/USBInterrupt_AVR8.o
                                                  c:/program files (x86)/atmel/atmel toolchain/avr8 gcc/native/3.4.2.1002/avr8-gnu-toolchain/bin/../lib/gcc/avr/4.7.2/../../../../avr/lib/avr5/crtm32u4.o
__vector_12                                       c:/program files (x86)/atmel/atmel toolchain/avr8 gcc/native/3.4.2.1002/avr8-gnu-toolchain/bin/../lib/gcc/avr/4.7.2/../../../../avr/lib/avr5/crtm32u4.o
__vector_13                                       c:/program files (x86)/atmel/atmel toolchain/avr8 gcc/native/3.4.2.1002/avr8-gnu-toolchain/bin/../lib/gcc/avr/4.7.2/../../../../avr/lib/avr5/crtm32u4.o
__vector_14                                       c:/program files (x86)/atmel/atmel toolchain/avr8 gcc/native/3.4.2.1002/avr8-gnu-toolchain/bin/../lib/gcc/avr/4.7.2/../../../../avr/lib/avr5/crtm32u4.o
__vector_15                                       c:/program files (x86)/atmel/atmel toolchain/avr8 gcc/native/3.4.2.1002/avr8-gnu-toolchain/bin/../lib/gcc/avr/4.7.2/../../../../avr/lib/avr5/crtm32u4.o
__vector_16                                       c:/program files (x86)/atmel/atmel toolchain/avr8 gcc/native/3.4.2.1002/avr8-gnu-toolchain/bin/../lib/gcc/avr/4.7.2/../../../../avr/lib/avr5/crtm32u4.o
__vector_17                                       c:/program files (x86)/atmel/atmel toolchain/avr8 gcc/native/3.4.2.1002/avr8-gnu-toolchain/bin/../lib/gcc/avr/4.7.2/../../../../avr/lib/avr5/crtm32u4.o
__vector_18                                       c:/program files (x86)/atmel/atmel toolchain/avr8 gcc/native/3.4.2.1002/avr8-gnu-toolchain/bin/../lib/gcc/avr/4.7.2/../../../../avr/lib/avr5/crtm32u4.o
__vector_19                                       c:/program files (x86)/atmel/atmel toolchain/avr8 gcc/native/3.4.2.1002/avr8-gnu-toolchain/bin/../lib/gcc/avr/4.7.2/../../../../avr/lib/avr5/crtm32u4.o
__vector_2                                        c:/program files (x86)/atmel/atmel toolchain/avr8 gcc/native/3.4.2.1002/avr8-gnu-toolchain/bin/../lib/gcc/avr/4.7.2/../../../../avr/lib/avr5/crtm32u4.o
__vector_20                                       c:/program files (x86)/atmel/atmel toolchain/avr8 gcc/native/3.4.2.1002/avr8-gnu-toolchain/bin/../lib/gcc/avr/4.7.2/../../../../avr/lib/avr5/crtm32u4.o
__vector_21                                       c:/program files (x86)/atmel/atmel toolchain/avr8 gcc/native/3.4.2.1002/avr8-gnu-toolchain/bin/../lib/gcc/avr/4.7.2/../../../../avr/lib/avr5/crtm32u4.o
__vector_22                                       c:/program files (x86)/atmel/atmel toolchain/avr8 gcc/native/3.4.2.1002/avr8-gnu-toolchain/bin/../lib/gcc/avr/4.7.2/../../../../avr/lib/avr5/crtm32u4.o
__vector_23                                       c:/program files (x86)/atmel/atmel toolchain/avr8 gcc/native/3.4.2.1002/avr8-gnu-toolchain/bin/../lib/gcc/avr/4.7.2/../../../../avr/lib/avr5/crtm32u4.o
__vector_24                                       c:/program files (x86)/atmel/atmel toolchain/avr8 gcc/native/3.4.2.1002/avr8-gnu-toolchain/bin/../lib/gcc/avr/4.7.2/../../../../avr/lib/avr5/crtm32u4.o
__vector_25                                       c:/program files (x86)/atmel/atmel toolchain/avr8 gcc/native/3.4.2.1002/avr8-gnu-toolchain/bin/../lib/gcc/avr/4.7.2/../../../../avr/lib/avr5/crtm32u4.o
__vector_26                                       c:/program files (x86)/atmel/atmel toolchain/avr8 gcc/native/3.4.2.1002/avr8-gnu-toolchain/bin/../lib/gcc/avr/4.7.2/../../../../avr/lib/avr5/crtm32u4.o
__vector_27                                       c:/program files (x86)/atmel/atmel toolchain/avr8 gcc/native/3.4.2.1002/avr8-gnu-toolchain/bin/../lib/gcc/avr/4.7.2/../../../../avr/lib/avr5/crtm32u4.o
__vector_28                                       c:/program files (x86)/atmel/atmel toolchain/avr8 gcc/native/3.4.2.1002/avr8-gnu-toolchain/bin/../lib/gcc/avr/4.7.2/../../../../avr/lib/avr5/crtm32u4.o
__vector_29                                       c:/program files (x86)/atmel/atmel toolchain/avr8 gcc/native/3.4.2.1002/avr8-gnu-toolchain/bin/../lib/gcc/avr/4.7.2/../../../../avr/lib/avr5/crtm32u4.o
__vector_3                                        c:/program files (x86)/atmel/atmel toolchain/avr8 gcc/native/3.4.2.1002/avr8-gnu-toolchain/bin/../lib/gcc/avr/4.7.2/../../../../avr/lib/avr5/crtm32u4.o
__vector_30                                       c:/program files (x86)/atmel/atmel toolchain/avr8 gcc/native/3.4.2.1002/avr8-gnu-toolchain/bin/../lib/gcc/avr/4.7.2/../../../../avr/lib/avr5/crtm32u4.o
__vector_31                                       c:/program files (x86)/atmel/atmel toolchain/avr8 gcc/native/3.4.2.1002/avr8-gnu-toolchain/bin/../lib/gcc/avr/4.7.2/../../../../avr/lib/avr5/crtm32u4.o
__vector_32                                       c:/program files (x86)/atmel/atmel toolchain/avr8 gcc/native/3.4.2.1002/avr8-gnu-toolchain/bin/../lib/gcc/avr/4.7.2/../../../../avr/lib/avr5/crtm32u4.o
__vector_33                                       c:/program files (x86)/atmel/atmel toolchain/avr8 gcc/native/3.4.2.1002/avr8-gnu-toolchain/bin/../lib/gcc/avr/4.7.2/../../../../avr/lib/avr5/crtm32u4.o
__vector_34                                       c:/program files (x86)/atmel/atmel toolchain/avr8 gcc/native/3.4.2.1002/avr8-gnu-toolchain/bin/../lib/gcc/avr/4.7.2/../../../../avr/lib/avr5/crtm32u4.o
__vector_35                                       c:/program files (x86)/atmel/atmel toolchain/avr8 gcc/native/3.4.2.1002/avr8-gnu-toolchain/bin/../lib/gcc/avr/4.7.2/../../../../avr/lib/avr5/crtm32u4.o
__vector_36                                       c:/program files (x86)/atmel/atmel toolchain/avr8 gcc/native/3.4.2.1002/avr8-gnu-toolchain/bin/../lib/gcc/avr/4.7.2/../../../../avr/lib/avr5/crtm32u4.o
__vector_37                                       c:/program files (x86)/atmel/atmel toolchain/avr8 gcc/native/3.4.2.1002/avr8-gnu-toolchain/bin/../lib/gcc/avr/4.7.2/../../../../avr/lib/avr5/crtm32u4.o
__vector_38                                       c:/program files (x86)/atmel/atmel toolchain/avr8 gcc/native/3.4.2.1002/avr8-gnu-toolchain/bin/../lib/gcc/avr/4.7.2/../../../../avr/lib/avr5/crtm32u4.o
__vector_39                                       c:/program files (x86)/atmel/atmel toolchain/avr8 gcc/native/3.4.2.1002/avr8-gnu-toolchain/bin/../lib/gcc/avr/4.7.2/../../../../avr/lib/avr5/crtm32u4.o
__vector_4                                        c:/program files (x86)/atmel/atmel toolchain/avr8 gcc/native/3.4.2.1002/avr8-gnu-toolchain/bin/../lib/gcc/avr/4.7.2/../../../../avr/lib/avr5/crtm32u4.o
__vector_40                                       c:/program files (x86)/atmel/atmel toolchain/avr8 gcc/native/3.4.2.1002/avr8-gnu-toolchain/bin/../lib/gcc/avr/4.7.2/../../../../avr/lib/avr5/crtm32u4.o
__vector_41                                       c:/program files (x86)/atmel/atmel toolchain/avr8 gcc/native/3.4.2.1002/avr8-gnu-toolchain/bin/../lib/gcc/avr/4.7.2/../../../../avr/lib/avr5/crtm32u4.o
__vector_42                                       c:/program files (x86)/atmel/atmel toolchain/avr8 gcc/native/3.4.2.1002/avr8-gnu-toolchain/bin/../lib/gcc/avr/4.7.2/../../../../avr/lib/avr5/crtm32u4.o
__vector_5                                        c:/program files (x86)/atmel/atmel toolchain/avr8 gcc/native/3.4.2.1002/avr8-gnu-toolchain/bin/../lib/gcc/avr/4.7.2/../../../../avr/lib/avr5/crtm32u4.o
__vector_6                                        c:/program files (x86)/atmel/atmel toolchain/avr8 gcc/native/3.4.2.1002/avr8-gnu-toolchain/bin/../lib/gcc/avr/4.7.2/../../../../avr/lib/avr5/crtm32u4.o
__vector_7                                        c:/program files (x86)/atmel/atmel toolchain/avr8 gcc/native/3.4.2.1002/avr8-gnu-toolchain/bin/../lib/gcc/avr/4.7.2/../../../../avr/lib/avr5/crtm32u4.o
__vector_8                                        c:/program files (x86)/atmel/atmel toolchain/avr8 gcc/native/3.4.2.1002/avr8-gnu-toolchain/bin/../lib/gcc/avr/4.7.2/../../../../avr/lib/avr5/crtm32u4.o
__vector_9                                        c:/program files (x86)/atmel/atmel toolchain/avr8 gcc/native/3.4.2.1002/avr8-gnu-toolchain/bin/../lib/gcc/avr/4.7.2/../../../../avr/lib/avr5/crtm32u4.o
__vector_default                                  c:/program files (x86)/atmel/atmel toolchain/avr8 gcc/native/3.4.2.1002/avr8-gnu-toolchain/bin/../lib/gcc/avr/4.7.2/../../../../avr/lib/avr5/crtm32u4.o
__vectors                                         c:/program files (x86)/atmel/atmel toolchain/avr8 gcc/native/3.4.2.1002/avr8-gnu-toolchain/bin/../lib/gcc/avr/4.7.2/../../../../avr/lib/avr5/crtm32u4.o
_exit                                             c:/program files (x86)/atmel/atmel toolchain/avr8 gcc/native/3.4.2.1002/avr8-gnu-toolchain/bin/../lib/gcc/avr/4.7.2/avr5\libgcc.a(_exit.o)
exit                                              c:/program files (x86)/atmel/atmel toolchain/avr8 gcc/native/3.4.2.1002/avr8-gnu-toolchain/bin/../lib/gcc/avr/4.7.2/avr5\libgcc.a(_exit.o)
                                                  c:/program files (x86)/atmel/atmel toolchain/avr8 gcc/native/3.4.2.1002/avr8-gnu-toolchain/bin/../lib/gcc/avr/4.7.2/../../../../avr/lib/avr5/crtm32u4.o
fputc                                             c:/program files (x86)/atmel/atmel toolchain/avr8 gcc/native/3.4.2.1002/avr8-gnu-toolchain/bin/../lib/gcc/avr/4.7.2/../../../../avr/lib/avr5\libc.a(fputc.o)
                                                  c:/program files (x86)/atmel/atmel toolchain/avr8 gcc/native/3.4.2.1002/avr8-gnu-toolchain/bin/../lib/gcc/avr/4.7.2/../../../../avr/lib/avr5\libc.a(vfprintf_std.o)
main                                              main.o
                                                  c:/program files (x86)/atmel/atmel toolchain/avr8 gcc/native/3.4.2.1002/avr8-gnu-toolchain/bin/../lib/gcc/avr/4.7.2/../../../../avr/lib/avr5/crtm32u4.o
memcmp                                            c:/program files (x86)/atmel/atmel toolchain/avr8 gcc/native/3.4.2.1002/avr8-gnu-toolchain/bin/../lib/gcc/avr/4.7.2/../../../../avr/lib/avr5\libc.a(memcmp.o)
                                                  LUFA/Drivers/USB/Class/Device/HIDClassDevice.o
memcpy                                            c:/program files (x86)/atmel/atmel toolchain/avr8 gcc/native/3.4.2.1002/avr8-gnu-toolchain/bin/../lib/gcc/avr/4.7.2/../../../../avr/lib/avr5\libc.a(memcpy.o)
                                                  LUFA/Drivers/USB/Class/Device/RNDISClassDevice.o
                                                  LUFA/Drivers/USB/Class/Device/HIDClassDevice.o
memcpy_P                                          c:/program files (x86)/atmel/atmel toolchain/avr8 gcc/native/3.4.2.1002/avr8-gnu-toolchain/bin/../lib/gcc/avr/4.7.2/../../../../avr/lib/avr5\libc.a(memcpy_P.o)
                                                  LUFA/Drivers/USB/Class/Device/RNDISClassDevice.o
memset                                            c:/program files (x86)/atmel/atmel toolchain/avr8 gcc/native/3.4.2.1002/avr8-gnu-toolchain/bin/../lib/gcc/avr/4.7.2/../../../../avr/lib/avr5\libc.a(memset.o)
                                                  LUFA/Drivers/USB/Class/Device/HIDClassDevice.o
snprintf                                          c:/program files (x86)/atmel/atmel toolchain/avr8 gcc/native/3.4.2.1002/avr8-gnu-toolchain/bin/../lib/gcc/avr/4.7.2/../../../../avr/lib/avr5\libc.a(snprintf.o)
                                                  main.o
strnlen                                           c:/program files (x86)/atmel/atmel toolchain/avr8 gcc/native/3.4.2.1002/avr8-gnu-toolchain/bin/../lib/gcc/avr/4.7.2/../../../../avr/lib/avr5\libc.a(strnlen.o)
                                                  c:/program files (x86)/atmel/atmel toolchain/avr8 gcc/native/3.4.2.1002/avr8-gnu-toolchain/bin/../lib/gcc/avr/4.7.2/../../../../avr/lib/avr5\libc.a(vfprintf_std.o)
strnlen_P                                         c:/program files (x86)/atmel/atmel toolchain/avr8 gcc/native/3.4.2.1002/avr8-gnu-toolchain/bin/../lib/gcc/avr/4.7.2/../../../../avr/lib/avr5\libc.a(strnlen_P.o)
                                                  c:/program files (x86)/atmel/atmel toolchain/avr8 gcc/native/3.4.2.1002/avr8-gnu-toolchain/bin/../lib/gcc/avr/4.7.2/../../../../avr/lib/avr5\libc.a(vfprintf_std.o)
twiMultipleByteRead                               sltwi.o
                                                  main.o
twiSingleByteRead                                 sltwi.o
                                                  main.o